Archive member included to satisfy reference by file (symbol)

/Applications/STM32CubeIDE.app/Contents/Eclipse/plugins/com.st.stm32cube.ide.mcu.externaltools.gnu-tools-for-stm32.9-2020-q2-update.macos64_2.0.0.202105311346/tools/bin/../lib/gcc/arm-none-eabi/9.3.1/../../../../arm-none-eabi/lib/thumb/v7-m/nofp/libstdc++_nano.a(del_ops.o)
                              ./Core/Src/ADS1298.o (operator delete(void*, unsigned int))
/Applications/STM32CubeIDE.app/Contents/Eclipse/plugins/com.st.stm32cube.ide.mcu.externaltools.gnu-tools-for-stm32.9-2020-q2-update.macos64_2.0.0.202105311346/tools/bin/../lib/gcc/arm-none-eabi/9.3.1/../../../../arm-none-eabi/lib/thumb/v7-m/nofp/libstdc++_nano.a(allocator-inst.o)
                              ./Core/Src/main.o (std::allocator<char>::allocator())
/Applications/STM32CubeIDE.app/Contents/Eclipse/plugins/com.st.stm32cube.ide.mcu.externaltools.gnu-tools-for-stm32.9-2020-q2-update.macos64_2.0.0.202105311346/tools/bin/../lib/gcc/arm-none-eabi/9.3.1/../../../../arm-none-eabi/lib/thumb/v7-m/nofp/libstdc++_nano.a(functexcept.o)
                              ./Core/Src/main.o (std::__throw_logic_error(char const*))
/Applications/STM32CubeIDE.app/Contents/Eclipse/plugins/com.st.stm32cube.ide.mcu.externaltools.gnu-tools-for-stm32.9-2020-q2-update.macos64_2.0.0.202105311346/tools/bin/../lib/gcc/arm-none-eabi/9.3.1/../../../../arm-none-eabi/lib/thumb/v7-m/nofp/libstdc++_nano.a(snprintf_lite.o)
                              /Applications/STM32CubeIDE.app/Contents/Eclipse/plugins/com.st.stm32cube.ide.mcu.externaltools.gnu-tools-for-stm32.9-2020-q2-update.macos64_2.0.0.202105311346/tools/bin/../lib/gcc/arm-none-eabi/9.3.1/../../../../arm-none-eabi/lib/thumb/v7-m/nofp/libstdc++_nano.a(functexcept.o) (__gnu_cxx::__snprintf_lite(char*, unsigned int, char const*, std::__va_list))
/Applications/STM32CubeIDE.app/Contents/Eclipse/plugins/com.st.stm32cube.ide.mcu.externaltools.gnu-tools-for-stm32.9-2020-q2-update.macos64_2.0.0.202105311346/tools/bin/../lib/gcc/arm-none-eabi/9.3.1/../../../../arm-none-eabi/lib/thumb/v7-m/nofp/libstdc++_nano.a(string-inst.o)
                              ./Core/Src/main.o (std::__cxx11::basic_string<char, std::char_traits<char>, std::allocator<char> >::_M_data(char*))
/Applications/STM32CubeIDE.app/Contents/Eclipse/plugins/com.st.stm32cube.ide.mcu.externaltools.gnu-tools-for-stm32.9-2020-q2-update.macos64_2.0.0.202105311346/tools/bin/../lib/gcc/arm-none-eabi/9.3.1/../../../../arm-none-eabi/lib/thumb/v7-m/nofp/libstdc++_nano.a(del_op.o)
                              /Applications/STM32CubeIDE.app/Contents/Eclipse/plugins/com.st.stm32cube.ide.mcu.externaltools.gnu-tools-for-stm32.9-2020-q2-update.macos64_2.0.0.202105311346/tools/bin/../lib/gcc/arm-none-eabi/9.3.1/../../../../arm-none-eabi/lib/thumb/v7-m/nofp/libstdc++_nano.a(del_ops.o) (operator delete(void*))
/Applications/STM32CubeIDE.app/Contents/Eclipse/plugins/com.st.stm32cube.ide.mcu.externaltools.gnu-tools-for-stm32.9-2020-q2-update.macos64_2.0.0.202105311346/tools/bin/../lib/gcc/arm-none-eabi/9.3.1/../../../../arm-none-eabi/lib/thumb/v7-m/nofp/libstdc++_nano.a(new_op.o)
                              /Applications/STM32CubeIDE.app/Contents/Eclipse/plugins/com.st.stm32cube.ide.mcu.externaltools.gnu-tools-for-stm32.9-2020-q2-update.macos64_2.0.0.202105311346/tools/bin/../lib/gcc/arm-none-eabi/9.3.1/../../../../arm-none-eabi/lib/thumb/v7-m/nofp/libstdc++_nano.a(string-inst.o) (operator new(unsigned int))
/Applications/STM32CubeIDE.app/Contents/Eclipse/plugins/com.st.stm32cube.ide.mcu.externaltools.gnu-tools-for-stm32.9-2020-q2-update.macos64_2.0.0.202105311346/tools/bin/../lib/gcc/arm-none-eabi/9.3.1/../../../../arm-none-eabi/lib/thumb/v7-m/nofp/libstdc++_nano.a(new_handler.o)
                              /Applications/STM32CubeIDE.app/Contents/Eclipse/plugins/com.st.stm32cube.ide.mcu.externaltools.gnu-tools-for-stm32.9-2020-q2-update.macos64_2.0.0.202105311346/tools/bin/../lib/gcc/arm-none-eabi/9.3.1/../../../../arm-none-eabi/lib/thumb/v7-m/nofp/libstdc++_nano.a(new_op.o) (std::get_new_handler())
/Applications/STM32CubeIDE.app/Contents/Eclipse/plugins/com.st.stm32cube.ide.mcu.externaltools.gnu-tools-for-stm32.9-2020-q2-update.macos64_2.0.0.202105311346/tools/bin/../lib/gcc/arm-none-eabi/9.3.1/../../../../arm-none-eabi/lib/thumb/v7-m/nofp/libc_nano.a(lib_a-abort.o)
                              /Applications/STM32CubeIDE.app/Contents/Eclipse/plugins/com.st.stm32cube.ide.mcu.externaltools.gnu-tools-for-stm32.9-2020-q2-update.macos64_2.0.0.202105311346/tools/bin/../lib/gcc/arm-none-eabi/9.3.1/../../../../arm-none-eabi/lib/thumb/v7-m/nofp/libstdc++_nano.a(functexcept.o) (abort)
/Applications/STM32CubeIDE.app/Contents/Eclipse/plugins/com.st.stm32cube.ide.mcu.externaltools.gnu-tools-for-stm32.9-2020-q2-update.macos64_2.0.0.202105311346/tools/bin/../lib/gcc/arm-none-eabi/9.3.1/../../../../arm-none-eabi/lib/thumb/v7-m/nofp/libc_nano.a(lib_a-errno.o)
                              ./Core/Src/syscalls.o (__errno)
[...]
Memory Configuration

Name             Origin             Length             Attributes
RAM              0x0000000020000000 0x0000000000005000 xrw
FLASH            0x0000000008000000 0x0000000000020000 xr
*default*        0x0000000000000000 0xffffffffffffffff

Linker script and memory map

LOAD /Applications/STM32CubeIDE.app/Contents/Eclipse/plugins/com.st.stm32cube.ide.mcu.externaltools.gnu-tools-for-stm32.9-2020-q2-update.macos64_2.0.0.202105311346/tools/bin/../lib/gcc/arm-none-eabi/9.3.1/thumb/v7-m/nofp/crti.o
LOAD /Applications/STM32CubeIDE.app/Contents/Eclipse/plugins/com.st.stm32cube.ide.mcu.externaltools.gnu-tools-for-stm32.9-2020-q2-update.macos64_2.0.0.202105311346/tools/bin/../lib/gcc/arm-none-eabi/9.3.1/thumb/v7-m/nofp/crtbegin.o
LOAD /Applications/STM32CubeIDE.app/Contents/Eclipse/plugins/com.st.stm32cube.ide.mcu.externaltools.gnu-tools-for-stm32.9-2020-q2-update.macos64_2.0.0.202105311346/tools/bin/../lib/gcc/arm-none-eabi/9.3.1/../../../../arm-none-eabi/lib/thumb/v7-m/nofp/crt0.o
LOAD ./Core/Src/ADS1298.o
LOAD ./Core/Src/PinInput.o
LOAD ./Core/Src/PinOutput.o
LOAD ./Core/Src/main.o
LOAD ./Core/Src/stm32f1xx_hal_msp.o
LOAD ./Core/Src/stm32f1xx_it.o
LOAD ./Core/Src/syscalls.o
LOAD ./Core/Src/sysmem.o
LOAD ./Core/Src/system_stm32f1xx.o
LOAD ./Core/Startup/startup_stm32f103cbtx.o
LOAD ./Drivers/STM32F1xx_HAL_Driver/Src/stm32f1xx_hal.o
LOAD ./Drivers/STM32F1xx_HAL_Driver/Src/stm32f1xx_hal_cortex.o
LOAD ./Drivers/STM32F1xx_HAL_Driver/Src/stm32f1xx_hal_dma.o
LOAD ./Drivers/STM32F1xx_HAL_Driver/Src/stm32f1xx_hal_exti.o
LOAD ./Drivers/STM32F1xx_HAL_Driver/Src/stm32f1xx_hal_flash.o
LOAD ./Drivers/STM32F1xx_HAL_Driver/Src/stm32f1xx_hal_flash_ex.o
LOAD ./Drivers/STM32F1xx_HAL_Driver/Src/stm32f1xx_hal_gpio.o
LOAD ./Drivers/STM32F1xx_HAL_Driver/Src/stm32f1xx_hal_gpio_ex.o
LOAD ./Drivers/STM32F1xx_HAL_Driver/Src/stm32f1xx_hal_pcd.o
LOAD ./Drivers/STM32F1xx_HAL_Driver/Src/stm32f1xx_hal_pcd_ex.o
LOAD ./Drivers/STM32F1xx_HAL_Driver/Src/stm32f1xx_hal_pwr.o
LOAD ./Drivers/STM32F1xx_HAL_Driver/Src/stm32f1xx_hal_rcc.o
LOAD ./Drivers/STM32F1xx_HAL_Driver/Src/stm32f1xx_hal_rcc_ex.o
LOAD ./Drivers/STM32F1xx_HAL_Driver/Src/stm32f1xx_hal_spi.o
LOAD ./Drivers/STM32F1xx_HAL_Driver/Src/stm32f1xx_hal_tim.o
LOAD ./Drivers/STM32F1xx_HAL_Driver/Src/stm32f1xx_hal_tim_ex.o
LOAD ./Drivers/STM32F1xx_HAL_Driver/Src/stm32f1xx_ll_usb.o
LOAD ./Middlewares/ST/STM32_USB_Device_Library/Class/CDC/Src/usbd_cdc.o
LOAD ./Middlewares/ST/STM32_USB_Device_Library/Core/Src/usbd_core.o
LOAD ./Middlewares/ST/STM32_USB_Device_Library/Core/Src/usbd_ctlreq.o
LOAD ./Middlewares/ST/STM32_USB_Device_Library/Core/Src/usbd_ioreq.o
LOAD ./USB_DEVICE/App/usb_device.o
LOAD ./USB_DEVICE/App/usbd_cdc_if.o
LOAD ./USB_DEVICE/App/usbd_desc.o
LOAD ./USB_DEVICE/Target/usbd_conf.o
START GROUP
LOAD /Applications/STM32CubeIDE.app/Contents/Eclipse/plugins/com.st.stm32cube.ide.mcu.externaltools.gnu-tools-for-stm32.9-2020-q2-update.macos64_2.0.0.202105311346/tools/bin/../lib/gcc/arm-none-eabi/9.3.1/../../../../arm-none-eabi/lib/thumb/v7-m/nofp/libstdc++_nano.a
LOAD /Applications/STM32CubeIDE.app/Contents/Eclipse/plugins/com.st.stm32cube.ide.mcu.externaltools.gnu-tools-for-stm32.9-2020-q2-update.macos64_2.0.0.202105311346/tools/bin/../lib/gcc/arm-none-eabi/9.3.1/../../../../arm-none-eabi/lib/thumb/v7-m/nofp/libsupc++_nano.a
END GROUP
LOAD /Applications/STM32CubeIDE.app/Contents/Eclipse/plugins/com.st.stm32cube.ide.mcu.externaltools.gnu-tools-for-stm32.9-2020-q2-update.macos64_2.0.0.202105311346/tools/bin/../lib/gcc/arm-none-eabi/9.3.1/../../../../arm-none-eabi/lib/thumb/v7-m/nofp/libstdc++_nano.a
LOAD /Applications/STM32CubeIDE.app/Contents/Eclipse/plugins/com.st.stm32cube.ide.mcu.externaltools.gnu-tools-for-stm32.9-2020-q2-update.macos64_2.0.0.202105311346/tools/bin/../lib/gcc/arm-none-eabi/9.3.1/../../../../arm-none-eabi/lib/thumb/v7-m/nofp/libm.a
LOAD /Applications/STM32CubeIDE.app/Contents/Eclipse/plugins/com.st.stm32cube.ide.mcu.externaltools.gnu-tools-for-stm32.9-2020-q2-update.macos64_2.0.0.202105311346/tools/bin/../lib/gcc/arm-none-eabi/9.3.1/../../../../arm-none-eabi/lib/thumb/v7-m/nofp/libc_nano.a
START GROUP
LOAD /Applications/STM32CubeIDE.app/Contents/Eclipse/plugins/com.st.stm32cube.ide.mcu.externaltools.gnu-tools-for-stm32.9-2020-q2-update.macos64_2.0.0.202105311346/tools/bin/../lib/gcc/arm-none-eabi/9.3.1/thumb/v7-m/nofp/libgcc.a
LOAD /Applications/STM32CubeIDE.app/Contents/Eclipse/plugins/com.st.stm32cube.ide.mcu.externaltools.gnu-tools-for-stm32.9-2020-q2-update.macos64_2.0.0.202105311346/tools/bin/../lib/gcc/arm-none-eabi/9.3.1/../../../../arm-none-eabi/lib/thumb/v7-m/nofp/libc_nano.a
END GROUP
START GROUP
LOAD /Applications/STM32CubeIDE.app/Contents/Eclipse/plugins/com.st.stm32cube.ide.mcu.externaltools.gnu-tools-for-stm32.9-2020-q2-update.macos64_2.0.0.202105311346/tools/bin/../lib/gcc/arm-none-eabi/9.3.1/thumb/v7-m/nofp/libgcc.a
LOAD /Applications/STM32CubeIDE.app/Contents/Eclipse/plugins/com.st.stm32cube.ide.mcu.externaltools.gnu-tools-for-stm32.9-2020-q2-update.macos64_2.0.0.202105311346/tools/bin/../lib/gcc/arm-none-eabi/9.3.1/../../../../arm-none-eabi/lib/thumb/v7-m/nofp/libc_nano.a
LOAD /Applications/STM32CubeIDE.app/Contents/Eclipse/plugins/com.st.stm32cube.ide.mcu.externaltools.gnu-tools-for-stm32.9-2020-q2-update.macos64_2.0.0.202105311346/tools/bin/../lib/gcc/arm-none-eabi/9.3.1/../../../../arm-none-eabi/lib/thumb/v7-m/nofp/libnosys.a
END GROUP
START GROUP
LOAD /Applications/STM32CubeIDE.app/Contents/Eclipse/plugins/com.st.stm32cube.ide.mcu.externaltools.gnu-tools-for-stm32.9-2020-q2-update.macos64_2.0.0.202105311346/tools/bin/../lib/gcc/arm-none-eabi/9.3.1/thumb/v7-m/nofp/libgcc.a
LOAD /Applications/STM32CubeIDE.app/Contents/Eclipse/plugins/com.st.stm32cube.ide.mcu.externaltools.gnu-tools-for-stm32.9-2020-q2-update.macos64_2.0.0.202105311346/tools/bin/../lib/gcc/arm-none-eabi/9.3.1/../../../../arm-none-eabi/lib/thumb/v7-m/nofp/libc_nano.a
LOAD /Applications/STM32CubeIDE.app/Contents/Eclipse/plugins/com.st.stm32cube.ide.mcu.externaltools.gnu-tools-for-stm32.9-2020-q2-update.macos64_2.0.0.202105311346/tools/bin/../lib/gcc/arm-none-eabi/9.3.1/../../../../arm-none-eabi/lib/thumb/v7-m/nofp/libnosys.a
END GROUP
LOAD /Applications/STM32CubeIDE.app/Contents/Eclipse/plugins/com.st.stm32cube.ide.mcu.externaltools.gnu-tools-for-stm32.9-2020-q2-update.macos64_2.0.0.202105311346/tools/bin/../lib/gcc/arm-none-eabi/9.3.1/thumb/v7-m/nofp/crtend.o
LOAD /Applications/STM32CubeIDE.app/Contents/Eclipse/plugins/com.st.stm32cube.ide.mcu.externaltools.gnu-tools-for-stm32.9-2020-q2-update.macos64_2.0.0.202105311346/tools/bin/../lib/gcc/arm-none-eabi/9.3.1/thumb/v7-m/nofp/crtn.o
                0x0000000020005000                _estack = (ORIGIN (RAM) + LENGTH (RAM))
                0x0000000000000200                _Min_Heap_Size = 0x200
                0x0000000000000400                _Min_Stack_Size = 0x400

.isr_vector     0x0000000008000000      0x10c
                0x0000000008000000                . = ALIGN (0x4)
 *(.isr_vector)
 .isr_vector    0x0000000008000000      0x10c ./Core/Startup/startup_stm32f103cbtx.o
                0x0000000008000000                g_pfnVectors
                0x000000000800010c                . = ALIGN (0x4)

.text           0x000000000800010c     0x9690
                0x000000000800010c                . = ALIGN (0x4)
 *(.text)
 .text          0x000000000800010c       0x40 /Applications/STM32CubeIDE.app/Contents/Eclipse/plugins/com.st.stm32cube.ide.mcu.externaltools.gnu-tools-for-stm32.9-2020-q2-update.macos64_2.0.0.202105311346/tools/bin/../lib/gcc/arm-none-eabi/9.3.1/thumb/v7-m/nofp/crtbegin.o
 .text          0x000000000800014c       0x10 /Applications/STM32CubeIDE.app/Contents/Eclipse/plugins/com.st.stm32cube.ide.mcu.externaltools.gnu-tools-for-stm32.9-2020-q2-update.macos64_2.0.0.202105311346/tools/bin/../lib/gcc/arm-none-eabi/9.3.1/../../../../arm-none-eabi/lib/thumb/v7-m/nofp/libc_nano.a(lib_a-strlen.o)
                0x000000000800014c                strlen
 *(.text*)
 .text._Z7wait_nsm
                0x000000000800015c       0x60 ./Core/Src/ADS1298.o
                0x000000000800015c                wait_ns(unsigned long)
 .text._ZN7ADS1298C2EP19__SPI_HandleTypeDef
                0x00000000080001bc       0x3c ./Core/Src/ADS1298.o
                0x00000000080001bc                ADS1298::ADS1298(__SPI_HandleTypeDef*)
                0x00000000080001bc                ADS1298::ADS1298(__SPI_HandleTypeDef*)
 .text._ZN7ADS1298D2Ev
                0x00000000080001f8       0x20 ./Core/Src/ADS1298.o
                0x00000000080001f8                ADS1298::~ADS1298()
                0x00000000080001f8                ADS1298::~ADS1298()
 .text._ZN7ADS1298D0Ev
                0x0000000008000218       0x20 ./Core/Src/ADS1298.o
                0x0000000008000218                ADS1298::~ADS1298()
 .text._ZN7ADS12985RESETEv
                0x0000000008000238       0x34 ./Core/Src/ADS1298.o
                0x0000000008000238                ADS1298::RESET()
 .text._ZN7ADS12986SDATACEv
                0x000000000800026c       0x20 ./Core/Src/ADS1298.o
                0x000000000800026c                ADS1298::SDATAC()
 .text._ZN7ADS12986RDATACEv
                0x000000000800028c       0x20 ./Core/Src/ADS1298.o
                0x000000000800028c                ADS1298::RDATAC()
 .text._ZN7ADS129811sendCommandEh
                0x00000000080002ac       0x4c ./Core/Src/ADS1298.o
                0x00000000080002ac                ADS1298::sendCommand(unsigned char)
 .text._ZN7ADS129820useInternalReferenceEv
                0x00000000080002f8       0x1a ./Core/Src/ADS1298.o
                0x00000000080002f8                ADS1298::useInternalReference()
 .text._ZN7ADS129816useRegularSignalEh
                0x0000000008000312       0x42 ./Core/Src/ADS1298.o
                0x0000000008000312                ADS1298::useRegularSignal(unsigned char)
 .text._ZN7ADS12985setupEv
                0x0000000008000354       0x78 ./Core/Src/ADS1298.o
                0x0000000008000354                ADS1298::setup()
 .text._ZN7ADS129813writeRegisterEhh
                0x00000000080003cc       0xcc ./Core/Src/ADS1298.o
                0x00000000080003cc                ADS1298::writeRegister(unsigned char, unsigned char)
 .text._Z6getBitlm
                0x0000000008000498       0x24 ./Core/Src/ADS1298.o
                0x0000000008000498                getBit(long, unsigned long)
 .text._ZN7ADS129814getChannelDataEPl
                0x00000000080004bc      0x11a ./Core/Src/ADS1298.o
                0x00000000080004bc                ADS1298::getChannelData(long*)
 *fill*         0x00000000080005d6        0x2 
 .text._Z41__static_initialization_and_destruction_0ii
                0x00000000080005d8       0x74 ./Core/Src/ADS1298.o
 .text._GLOBAL__sub_I_nCS
                0x000000000800064c       0x10 ./Core/Src/ADS1298.o
 .text._GLOBAL__sub_D_nCS
                0x000000000800065c       0x10 ./Core/Src/ADS1298.o
 .text._ZN9PinOutputC2EP12GPIO_TypeDeft
                0x000000000800066c       0x58 ./Core/Src/PinOutput.o
                0x000000000800066c                PinOutput::PinOutput(GPIO_TypeDef*, unsigned short)
                0x000000000800066c                PinOutput::PinOutput(GPIO_TypeDef*, unsigned short)
 .text._ZN9PinOutput4highEv
                0x00000000080006c4       0x20 ./Core/Src/PinOutput.o
                0x00000000080006c4                PinOutput::high()
 .text._ZN9PinOutput3lowEv
                0x00000000080006e4       0x20 ./Core/Src/PinOutput.o
                0x00000000080006e4                PinOutput::low()
 .text._ZN9PinOutputD2Ev
                0x0000000008000704       0x20 ./Core/Src/PinOutput.o
                0x0000000008000704                PinOutput::~PinOutput()
                0x0000000008000704                PinOutput::~PinOutput()
 .text._ZN9PinOutputD0Ev
                0x0000000008000724       0x20 ./Core/Src/PinOutput.o
                0x0000000008000724                PinOutput::~PinOutput()
 .text._ZNSt7__cxx119to_stringEi
                0x0000000008000744       0x2c ./Core/Src/main.o
                0x0000000008000744                std::__cxx11::to_string(int)
 .text._ZNSt7__cxx119to_stringEl
                0x0000000008000770       0x2c ./Core/Src/main.o
                0x0000000008000770                std::__cxx11::to_string(long)
 .text.main     0x000000000800079c      0x234 ./Core/Src/main.o
                0x000000000800079c                main
 .text._Z18SystemClock_Configv
                0x00000000080009d0       0xd4 ./Core/Src/main.o
                0x00000000080009d0                SystemClock_Config()
 .text._ZL12MX_SPI1_Initv
                0x0000000008000aa4       0x78 ./Core/Src/main.o
 .text._ZL12MX_GPIO_Initv
                0x0000000008000b1c       0xf4 ./Core/Src/main.o
 .text.Error_Handler
                0x0000000008000c10        0xa ./Core/Src/main.o
                0x0000000008000c10                Error_Handler
 .text._ZN9__gnu_cxx12__to_xstringINSt7__cxx1112basic_stringIcSt11char_traitsIcESaIcEEEcEET_PFiPT0_jPKS8_St9__va_listEjSB_z
                0x0000000008000c1a       0x70 ./Core/Src/main.o
                0x0000000008000c1a                std::__cxx11::basic_string<char, std::char_traits<char>, std::allocator<char> > __gnu_cxx::__to_xstring<std::__cxx11::basic_string<char, std::char_traits<char>, std::allocator<char> >, char>(int (*)(char*, unsigned int, char const*, std::__va_list), unsigned int, char const*, ...)
 .text._ZStplIcSt11char_traitsIcESaIcEENSt7__cxx1112basic_stringIT_T0_T1_EEOS8_PKS5_
                0x0000000008000c8a       0x2e ./Core/Src/main.o
                0x0000000008000c8a                std::__cxx11::basic_string<char, std::char_traits<char>, std::allocator<char> > std::operator+<char, std::char_traits<char>, std::allocator<char> >(std::__cxx11::basic_string<char, std::char_traits<char>, std::allocator<char> >&&, char const*)
 .text._ZStplIcSt11char_traitsIcESaIcEENSt7__cxx1112basic_stringIT_T0_T1_EEOS8_S9_
                0x0000000008000cb8       0x82 ./Core/Src/main.o
                0x0000000008000cb8                std::__cxx11::basic_string<char, std::char_traits<char>, std::allocator<char> > std::operator+<char, std::char_traits<char>, std::allocator<char> >(std::__cxx11::basic_string<char, std::char_traits<char>, std::allocator<char> >&&, std::__cxx11::basic_string<char, std::char_traits<char>, std::allocator<char> >&&)
 .text._ZStplIcSt11char_traitsIcESaIcEENSt7__cxx1112basic_stringIT_T0_T1_EEPKS5_OS8_
                0x0000000008000d3a       0x30 ./Core/Src/main.o
                0x0000000008000d3a                std::__cxx11::basic_string<char, std::char_traits<char>, std::allocator<char> > std::operator+<char, std::char_traits<char>, std::allocator<char> >(char const*, std::__cxx11::basic_string<char, std::char_traits<char>, std::allocator<char> >&&)
 .text._ZNSt7__cxx1112basic_stringIcSt11char_traitsIcESaIcEEC2IPcvEET_S7_RKS3_
                0x0000000008000d6a       0x36 ./Core/Src/main.o
                0x0000000008000d6a                std::__cxx11::basic_string<char, std::char_traits<char>, std::allocator<char> >::basic_string<char*, void>(char*, char*, std::allocator<char> const&)
                0x0000000008000d6a                std::__cxx11::basic_string<char, std::char_traits<char>, std::allocator<char> >::basic_string<char*, void>(char*, char*, std::allocator<char> const&)
 .text._ZSt4moveIRNSt7__cxx1112basic_stringIcSt11char_traitsIcESaIcEEEEONSt16remove_referenceIT_E4typeEOS8_
                0x0000000008000da0       0x14 ./Core/Src/main.o
                0x0000000008000da0                std::remove_reference<std::__cxx11::basic_string<char, std::char_traits<char>, std::allocator<char> >&>::type&& std::move<std::__cxx11::basic_string<char, std::char_traits<char>, std::allocator<char> >&>(std::__cxx11::basic_string<char, std::char_traits<char>, std::allocator<char> >&)
 .text._ZNSt7__cxx1112basic_stringIcSt11char_traitsIcESaIcEE12_M_constructIPcEEvT_S7_
                0x0000000008000db4       0x1e ./Core/Src/main.o
                0x0000000008000db4                void std::__cxx11::basic_string<char, std::char_traits<char>, std::allocator<char> >::_M_construct<char*>(char*, char*)
 .text._ZNSt7__cxx1112basic_stringIcSt11char_traitsIcESaIcEE16_M_construct_auxIPcEEvT_S7_St12__false_type
                0x0000000008000dd2       0x22 ./Core/Src/main.o
                0x0000000008000dd2                void std::__cxx11::basic_string<char, std::char_traits<char>, std::allocator<char> >::_M_construct_aux<char*>(char*, char*, std::__false_type)
 .text._ZNSt7__cxx1112basic_stringIcSt11char_traitsIcESaIcEE12_M_constructIPcEEvT_S7_St20forward_iterator_tag
                0x0000000008000df4       0x90 ./Core/Src/main.o
                0x0000000008000df4                void std::__cxx11::basic_string<char, std::char_traits<char>, std::allocator<char> >::_M_construct<char*>(char*, char*, std::forward_iterator_tag)
 .text._ZN9__gnu_cxx17__is_null_pointerIcEEbPT_
                0x0000000008000e84       0x1e ./Core/Src/main.o
                0x0000000008000e84                bool __gnu_cxx::__is_null_pointer<char>(char*)
 .text._ZSt8distanceIPcENSt15iterator_traitsIT_E15difference_typeES2_S2_
                0x0000000008000ea2       0x28 ./Core/Src/main.o
                0x0000000008000ea2                std::iterator_traits<char*>::difference_type std::distance<char*>(char*, char*)
 .text._ZSt19__iterator_categoryIPcENSt15iterator_traitsIT_E17iterator_categoryERKS2_
                0x0000000008000eca       0x12 ./Core/Src/main.o
                0x0000000008000eca                std::iterator_traits<char*>::iterator_category std::__iterator_category<char*>(char* const&)
 .text._ZSt10__distanceIPcENSt15iterator_traitsIT_E15difference_typeES2_S2_St26random_access_iterator_tag
                0x0000000008000edc       0x1c ./Core/Src/main.o
                0x0000000008000edc                std::iterator_traits<char*>::difference_type std::__distance<char*>(char*, char*, std::random_access_iterator_tag)
 .text._Z41__static_initialization_and_destruction_0ii
                0x0000000008000ef8       0x48 ./Core/Src/main.o
 .text._GLOBAL__sub_I_hspi1
                0x0000000008000f40       0x10 ./Core/Src/main.o
 .text._GLOBAL__sub_D_hspi1
                0x0000000008000f50       0x10 ./Core/Src/main.o
 .text.HAL_MspInit
                0x0000000008000f60       0x64 ./Core/Src/stm32f1xx_hal_msp.o
                0x0000000008000f60                HAL_MspInit
 .text.HAL_SPI_MspInit
                0x0000000008000fc4       0x94 ./Core/Src/stm32f1xx_hal_msp.o
                0x0000000008000fc4                HAL_SPI_MspInit
 .text.NMI_Handler
                0x0000000008001058        0x6 ./Core/Src/stm32f1xx_it.o
                0x0000000008001058                NMI_Handler
 .text.HardFault_Handler
                0x000000000800105e        0x6 ./Core/Src/stm32f1xx_it.o
                0x000000000800105e                HardFault_Handler
 .text.MemManage_Handler
                0x0000000008001064        0x6 ./Core/Src/stm32f1xx_it.o
                0x0000000008001064                MemManage_Handler
 .text.BusFault_Handler
                0x000000000800106a        0x6 ./Core/Src/stm32f1xx_it.o
                0x000000000800106a                BusFault_Handler
 .text.UsageFault_Handler
                0x0000000008001070        0x6 ./Core/Src/stm32f1xx_it.o
                0x0000000008001070                UsageFault_Handler
 .text.SVC_Handler
                0x0000000008001076        0xc ./Core/Src/stm32f1xx_it.o
                0x0000000008001076                SVC_Handler
 .text.DebugMon_Handler
                0x0000000008001082        0xc ./Core/Src/stm32f1xx_it.o
                0x0000000008001082                DebugMon_Handler
 .text.PendSV_Handler
                0x000000000800108e        0xc ./Core/Src/stm32f1xx_it.o
                0x000000000800108e                PendSV_Handler
 .text.SysTick_Handler
                0x000000000800109a        0xc ./Core/Src/stm32f1xx_it.o
                0x000000000800109a                SysTick_Handler
 *fill*         0x00000000080010a6        0x2 
 .text.USB_LP_CAN1_RX0_IRQHandler
                0x00000000080010a8       0x14 ./Core/Src/stm32f1xx_it.o
                0x00000000080010a8                USB_LP_CAN1_RX0_IRQHandler
 .text._getpid  0x00000000080010bc        0xe ./Core/Src/syscalls.o
                0x00000000080010bc                _getpid
 .text._kill    0x00000000080010ca       0x20 ./Core/Src/syscalls.o
                0x00000000080010ca                _kill
 .text._exit    0x00000000080010ea       0x14 ./Core/Src/syscalls.o
                0x00000000080010ea                _exit
 *fill*         0x00000000080010fe        0x2 
 .text._sbrk    0x0000000008001100       0x6c ./Core/Src/sysmem.o
                0x0000000008001100                _sbrk
 .text.SystemInit
                0x000000000800116c        0xc ./Core/Src/system_stm32f1xx.o
                0x000000000800116c                SystemInit
 .text.Reset_Handler
                0x0000000008001178       0x48 ./Core/Startup/startup_stm32f103cbtx.o
                0x0000000008001178                Reset_Handler
 .text.Default_Handler
                0x00000000080011c0        0x2 ./Core/Startup/startup_stm32f103cbtx.o
                0x00000000080011c0                USBWakeUp_IRQHandler
                0x00000000080011c0                EXTI2_IRQHandler
                0x00000000080011c0                TIM1_CC_IRQHandler
                0x00000000080011c0                PVD_IRQHandler
                0x00000000080011c0                EXTI3_IRQHandler
                0x00000000080011c0                EXTI0_IRQHandler
                0x00000000080011c0                I2C2_EV_IRQHandler
                0x00000000080011c0                ADC1_2_IRQHandler
                0x00000000080011c0                SPI1_IRQHandler
                0x00000000080011c0                TAMPER_IRQHandler
                0x00000000080011c0                DMA1_Channel4_IRQHandler
                0x00000000080011c0                USART3_IRQHandler
                0x00000000080011c0                RTC_IRQHandler
                0x00000000080011c0                DMA1_Channel7_IRQHandler
                0x00000000080011c0                CAN1_RX1_IRQHandler
                0x00000000080011c0                TIM4_IRQHandler
                0x00000000080011c0                I2C1_EV_IRQHandler
                0x00000000080011c0                DMA1_Channel6_IRQHandler
                0x00000000080011c0                TIM3_IRQHandler
                0x00000000080011c0                RCC_IRQHandler
                0x00000000080011c0                TIM1_TRG_COM_IRQHandler
                0x00000000080011c0                DMA1_Channel1_IRQHandler
                0x00000000080011c0                Default_Handler
                0x00000000080011c0                EXTI15_10_IRQHandler
                0x00000000080011c0                EXTI9_5_IRQHandler
                0x00000000080011c0                SPI2_IRQHandler
                0x00000000080011c0                DMA1_Channel5_IRQHandler
                0x00000000080011c0                EXTI4_IRQHandler
                0x00000000080011c0                USB_HP_CAN1_TX_IRQHandler
                0x00000000080011c0                DMA1_Channel3_IRQHandler
                0x00000000080011c0                TIM1_UP_IRQHandler
                0x00000000080011c0                WWDG_IRQHandler
                0x00000000080011c0                TIM2_IRQHandler
                0x00000000080011c0                TIM1_BRK_IRQHandler
                0x00000000080011c0                EXTI1_IRQHandler
                0x00000000080011c0                USART2_IRQHandler
                0x00000000080011c0                I2C2_ER_IRQHandler
                0x00000000080011c0                DMA1_Channel2_IRQHandler
                0x00000000080011c0                CAN1_SCE_IRQHandler
                0x00000000080011c0                FLASH_IRQHandler
                0x00000000080011c0                USART1_IRQHandler
                0x00000000080011c0                I2C1_ER_IRQHandler
                0x00000000080011c0                RTC_Alarm_IRQHandler
 *fill*         0x00000000080011c2        0x2 
 .text.HAL_Init
                0x00000000080011c4       0x2c ./Drivers/STM32F1xx_HAL_Driver/Src/stm32f1xx_hal.o
                0x00000000080011c4                HAL_Init
 .text.HAL_InitTick
                0x00000000080011f0       0x60 ./Drivers/STM32F1xx_HAL_Driver/Src/stm32f1xx_hal.o
                0x00000000080011f0                HAL_InitTick
 .text.HAL_IncTick
                0x0000000008001250       0x24 ./Drivers/STM32F1xx_HAL_Driver/Src/stm32f1xx_hal.o
                0x0000000008001250                HAL_IncTick
 .text.HAL_GetTick
                0x0000000008001274       0x14 ./Drivers/STM32F1xx_HAL_Driver/Src/stm32f1xx_hal.o
                0x0000000008001274                HAL_GetTick
 .text.HAL_Delay
                0x0000000008001288       0x48 ./Drivers/STM32F1xx_HAL_Driver/Src/stm32f1xx_hal.o
                0x0000000008001288                HAL_Delay
 .text.__NVIC_SetPriorityGrouping
                0x00000000080012d0       0x48 ./Drivers/STM32F1xx_HAL_Driver/Src/stm32f1xx_hal_cortex.o
 .text.__NVIC_GetPriorityGrouping
                0x0000000008001318       0x1c ./Drivers/STM32F1xx_HAL_Driver/Src/stm32f1xx_hal_cortex.o
 .text.__NVIC_EnableIRQ
                0x0000000008001334       0x38 ./Drivers/STM32F1xx_HAL_Driver/Src/stm32f1xx_hal_cortex.o
 .text.__NVIC_SetPriority
                0x000000000800136c       0x54 ./Drivers/STM32F1xx_HAL_Driver/Src/stm32f1xx_hal_cortex.o
 .text.NVIC_EncodePriority
                0x00000000080013c0       0x64 ./Drivers/STM32F1xx_HAL_Driver/Src/stm32f1xx_hal_cortex.o
 .text.SysTick_Config
                0x0000000008001424       0x44 ./Drivers/STM32F1xx_HAL_Driver/Src/stm32f1xx_hal_cortex.o
 .text.HAL_NVIC_SetPriorityGrouping
                0x0000000008001468       0x16 ./Drivers/STM32F1xx_HAL_Driver/Src/stm32f1xx_hal_cortex.o
                0x0000000008001468                HAL_NVIC_SetPriorityGrouping
 .text.HAL_NVIC_SetPriority
                0x000000000800147e       0x38 ./Drivers/STM32F1xx_HAL_Driver/Src/stm32f1xx_hal_cortex.o
                0x000000000800147e                HAL_NVIC_SetPriority
 .text.HAL_NVIC_EnableIRQ
                0x00000000080014b6       0x1c ./Drivers/STM32F1xx_HAL_Driver/Src/stm32f1xx_hal_cortex.o
                0x00000000080014b6                HAL_NVIC_EnableIRQ
 .text.HAL_SYSTICK_Config
                0x00000000080014d2       0x18 ./Drivers/STM32F1xx_HAL_Driver/Src/stm32f1xx_hal_cortex.o
                0x00000000080014d2                HAL_SYSTICK_Config
 *fill*         0x00000000080014ea        0x2 
 .text.HAL_GPIO_Init
                0x00000000080014ec      0x308 ./Drivers/STM32F1xx_HAL_Driver/Src/stm32f1xx_hal_gpio.o
                0x00000000080014ec                HAL_GPIO_Init
 .text.HAL_GPIO_ReadPin
                0x00000000080017f4       0x2e ./Drivers/STM32F1xx_HAL_Driver/Src/stm32f1xx_hal_gpio.o
                0x00000000080017f4                HAL_GPIO_ReadPin
 .text.HAL_GPIO_WritePin
                0x0000000008001822       0x30 ./Drivers/STM32F1xx_HAL_Driver/Src/stm32f1xx_hal_gpio.o
                0x0000000008001822                HAL_GPIO_WritePin
 .text.HAL_PCD_Init
                0x0000000008001852      0x216 ./Drivers/STM32F1xx_HAL_Driver/Src/stm32f1xx_hal_pcd.o
                0x0000000008001852                HAL_PCD_Init
 .text.HAL_PCD_Start
                0x0000000008001a68       0x4c ./Drivers/STM32F1xx_HAL_Driver/Src/stm32f1xx_hal_pcd.o
                0x0000000008001a68                HAL_PCD_Start
 .text.HAL_PCD_IRQHandler
                0x0000000008001ab4      0x2aa ./Drivers/STM32F1xx_HAL_Driver/Src/stm32f1xx_hal_pcd.o
                0x0000000008001ab4                HAL_PCD_IRQHandler
 .text.HAL_PCD_SetAddress
                0x0000000008001d5e       0x4a ./Drivers/STM32F1xx_HAL_Driver/Src/stm32f1xx_hal_pcd.o
                0x0000000008001d5e                HAL_PCD_SetAddress
 .text.HAL_PCD_EP_Open
                0x0000000008001da8       0xcc ./Drivers/STM32F1xx_HAL_Driver/Src/stm32f1xx_hal_pcd.o
                0x0000000008001da8                HAL_PCD_EP_Open
 .text.HAL_PCD_EP_Close
                0x0000000008001e74       0x90 ./Drivers/STM32F1xx_HAL_Driver/Src/stm32f1xx_hal_pcd.o
                0x0000000008001e74                HAL_PCD_EP_Close
 .text.HAL_PCD_EP_Receive
                0x0000000008001f04       0x7a ./Drivers/STM32F1xx_HAL_Driver/Src/stm32f1xx_hal_pcd.o
                0x0000000008001f04                HAL_PCD_EP_Receive
 .text.HAL_PCD_EP_GetRxCount
                0x0000000008001f7e       0x2e ./Drivers/STM32F1xx_HAL_Driver/Src/stm32f1xx_hal_pcd.o
                0x0000000008001f7e                HAL_PCD_EP_GetRxCount
 .text.HAL_PCD_EP_Transmit
                0x0000000008001fac       0x86 ./Drivers/STM32F1xx_HAL_Driver/Src/stm32f1xx_hal_pcd.o
                0x0000000008001fac                HAL_PCD_EP_Transmit
 .text.HAL_PCD_EP_SetStall
                0x0000000008002032       0xc0 ./Drivers/STM32F1xx_HAL_Driver/Src/stm32f1xx_hal_pcd.o
                0x0000000008002032                HAL_PCD_EP_SetStall
 .text.HAL_PCD_EP_ClrStall
                0x00000000080020f2       0xa8 ./Drivers/STM32F1xx_HAL_Driver/Src/stm32f1xx_hal_pcd.o
                0x00000000080020f2                HAL_PCD_EP_ClrStall
 .text.PCD_EP_ISR_Handler
                0x000000000800219a      0x600 ./Drivers/STM32F1xx_HAL_Driver/Src/stm32f1xx_hal_pcd.o
 .text.HAL_PCD_EP_DB_Receive
                0x000000000800279a      0x21a ./Drivers/STM32F1xx_HAL_Driver/Src/stm32f1xx_hal_pcd.o
 .text.HAL_PCD_EP_DB_Transmit
                0x00000000080029b4      0x7a4 ./Drivers/STM32F1xx_HAL_Driver/Src/stm32f1xx_hal_pcd.o
 .text.HAL_PCDEx_PMAConfig
                0x0000000008003158       0x84 ./Drivers/STM32F1xx_HAL_Driver/Src/stm32f1xx_hal_pcd_ex.o
                0x0000000008003158                HAL_PCDEx_PMAConfig
 .text.HAL_RCC_OscConfig
                0x00000000080031dc      0x500 ./Drivers/STM32F1xx_HAL_Driver/Src/stm32f1xx_hal_rcc.o
                0x00000000080031dc                HAL_RCC_OscConfig
 .text.HAL_RCC_ClockConfig
                0x00000000080036dc      0x1d4 ./Drivers/STM32F1xx_HAL_Driver/Src/stm32f1xx_hal_rcc.o
                0x00000000080036dc                HAL_RCC_ClockConfig
 .text.HAL_RCC_GetSysClockFreq
                0x00000000080038b0       0xc0 ./Drivers/STM32F1xx_HAL_Driver/Src/stm32f1xx_hal_rcc.o
                0x00000000080038b0                HAL_RCC_GetSysClockFreq
 .text.RCC_Delay
                0x0000000008003970       0x3c ./Drivers/STM32F1xx_HAL_Driver/Src/stm32f1xx_hal_rcc.o
 .text.HAL_RCCEx_PeriphCLKConfig
                0x00000000080039ac      0x16c ./Drivers/STM32F1xx_HAL_Driver/Src/stm32f1xx_hal_rcc_ex.o
                0x00000000080039ac                HAL_RCCEx_PeriphCLKConfig
 .text.HAL_SPI_Init
                0x0000000008003b18      0x108 ./Drivers/STM32F1xx_HAL_Driver/Src/stm32f1xx_hal_spi.o
                0x0000000008003b18                HAL_SPI_Init
 .text.HAL_SPI_Transmit
                0x0000000008003c20      0x278 ./Drivers/STM32F1xx_HAL_Driver/Src/stm32f1xx_hal_spi.o
                0x0000000008003c20                HAL_SPI_Transmit
 .text.HAL_SPI_TransmitReceive
                0x0000000008003e98      0x344 ./Drivers/STM32F1xx_HAL_Driver/Src/stm32f1xx_hal_spi.o
                0x0000000008003e98                HAL_SPI_TransmitReceive
 .text.HAL_SPI_GetState
                0x00000000080041dc       0x1a ./Drivers/STM32F1xx_HAL_Driver/Src/stm32f1xx_hal_spi.o
                0x00000000080041dc                HAL_SPI_GetState
 *fill*         0x00000000080041f6        0x2 
 .text.SPI_WaitFlagStateUntilTimeout
                0x00000000080041f8      0x110 ./Drivers/STM32F1xx_HAL_Driver/Src/stm32f1xx_hal_spi.o
 .text.SPI_EndRxTxTransaction
                0x0000000008004308       0x3c ./Drivers/STM32F1xx_HAL_Driver/Src/stm32f1xx_hal_spi.o
 .text.USB_CoreInit
                0x0000000008004344       0x20 ./Drivers/STM32F1xx_HAL_Driver/Src/stm32f1xx_ll_usb.o
                0x0000000008004344                USB_CoreInit
 .text.USB_EnableGlobalInt
                0x0000000008004364       0x2c ./Drivers/STM32F1xx_HAL_Driver/Src/stm32f1xx_ll_usb.o
                0x0000000008004364                USB_EnableGlobalInt
 .text.USB_DisableGlobalInt
                0x0000000008004390       0x34 ./Drivers/STM32F1xx_HAL_Driver/Src/stm32f1xx_ll_usb.o
                0x0000000008004390                USB_DisableGlobalInt
 .text.USB_SetCurrentMode
                0x00000000080043c4       0x18 ./Drivers/STM32F1xx_HAL_Driver/Src/stm32f1xx_ll_usb.o
                0x00000000080043c4                USB_SetCurrentMode
 .text.USB_DevInit
                0x00000000080043dc       0x40 ./Drivers/STM32F1xx_HAL_Driver/Src/stm32f1xx_ll_usb.o
                0x00000000080043dc                USB_DevInit
 .text.USB_ActivateEndpoint
                0x000000000800441c      0x6d4 ./Drivers/STM32F1xx_HAL_Driver/Src/stm32f1xx_ll_usb.o
                0x000000000800441c                USB_ActivateEndpoint
 .text.USB_DeactivateEndpoint
                0x0000000008004af0      0x3d8 ./Drivers/STM32F1xx_HAL_Driver/Src/stm32f1xx_ll_usb.o
                0x0000000008004af0                USB_DeactivateEndpoint
 .text.USB_EPStartXfer
                0x0000000008004ec8     0x15ee ./Drivers/STM32F1xx_HAL_Driver/Src/stm32f1xx_ll_usb.o
                0x0000000008004ec8                USB_EPStartXfer
 .text.USB_EPSetStall
                0x00000000080064b6       0xa0 ./Drivers/STM32F1xx_HAL_Driver/Src/stm32f1xx_ll_usb.o
                0x00000000080064b6                USB_EPSetStall
 .text.USB_EPClearStall
                0x0000000008006556      0x15a ./Drivers/STM32F1xx_HAL_Driver/Src/stm32f1xx_ll_usb.o
                0x0000000008006556                USB_EPClearStall
 .text.USB_SetDevAddress
                0x00000000080066b0       0x26 ./Drivers/STM32F1xx_HAL_Driver/Src/stm32f1xx_ll_usb.o
                0x00000000080066b0                USB_SetDevAddress
 .text.USB_DevConnect
                0x00000000080066d6       0x14 ./Drivers/STM32F1xx_HAL_Driver/Src/stm32f1xx_ll_usb.o
                0x00000000080066d6                USB_DevConnect
 .text.USB_DevDisconnect
                0x00000000080066ea       0x14 ./Drivers/STM32F1xx_HAL_Driver/Src/stm32f1xx_ll_usb.o
                0x00000000080066ea                USB_DevDisconnect
 .text.USB_ReadInterrupts
                0x00000000080066fe       0x1e ./Drivers/STM32F1xx_HAL_Driver/Src/stm32f1xx_ll_usb.o
                0x00000000080066fe                USB_ReadInterrupts
 .text.USB_EP0_OutStart
                0x000000000800671c       0x16 ./Drivers/STM32F1xx_HAL_Driver/Src/stm32f1xx_ll_usb.o
                0x000000000800671c                USB_EP0_OutStart
 .text.USB_WritePMA
                0x0000000008006732       0x8a ./Drivers/STM32F1xx_HAL_Driver/Src/stm32f1xx_ll_usb.o
                0x0000000008006732                USB_WritePMA
 .text.USB_ReadPMA
                0x00000000080067bc       0x9e ./Drivers/STM32F1xx_HAL_Driver/Src/stm32f1xx_ll_usb.o
                0x00000000080067bc                USB_ReadPMA
 .text.USBD_CDC_Init
                0x000000000800685a       0xf4 ./Middlewares/ST/STM32_USB_Device_Library/Class/CDC/Src/usbd_cdc.o
 .text.USBD_CDC_DeInit
                0x000000000800694e       0x6e ./Middlewares/ST/STM32_USB_Device_Library/Class/CDC/Src/usbd_cdc.o
 .text.USBD_CDC_Setup
                0x00000000080069bc      0x146 ./Middlewares/ST/STM32_USB_Device_Library/Class/CDC/Src/usbd_cdc.o
 .text.USBD_CDC_DataIn
                0x0000000008006b02       0xa6 ./Middlewares/ST/STM32_USB_Device_Library/Class/CDC/Src/usbd_cdc.o
 .text.USBD_CDC_DataOut
                0x0000000008006ba8       0x56 ./Middlewares/ST/STM32_USB_Device_Library/Class/CDC/Src/usbd_cdc.o
 .text.USBD_CDC_EP0_RxReady
                0x0000000008006bfe       0x50 ./Middlewares/ST/STM32_USB_Device_Library/Class/CDC/Src/usbd_cdc.o
 *fill*         0x0000000008006c4e        0x2 
 .text.USBD_CDC_GetFSCfgDesc
                0x0000000008006c50       0x20 ./Middlewares/ST/STM32_USB_Device_Library/Class/CDC/Src/usbd_cdc.o
 .text.USBD_CDC_GetHSCfgDesc
                0x0000000008006c70       0x20 ./Middlewares/ST/STM32_USB_Device_Library/Class/CDC/Src/usbd_cdc.o
 .text.USBD_CDC_GetOtherSpeedCfgDesc
                0x0000000008006c90       0x20 ./Middlewares/ST/STM32_USB_Device_Library/Class/CDC/Src/usbd_cdc.o
 .text.USBD_CDC_GetDeviceQualifierDescriptor
                0x0000000008006cb0       0x20 ./Middlewares/ST/STM32_USB_Device_Library/Class/CDC/Src/usbd_cdc.o
                0x0000000008006cb0                USBD_CDC_GetDeviceQualifierDescriptor
 .text.USBD_CDC_RegisterInterface
                0x0000000008006cd0       0x2c ./Middlewares/ST/STM32_USB_Device_Library/Class/CDC/Src/usbd_cdc.o
                0x0000000008006cd0                USBD_CDC_RegisterInterface
 .text.USBD_CDC_SetTxBuffer
                0x0000000008006cfc       0x32 ./Middlewares/ST/STM32_USB_Device_Library/Class/CDC/Src/usbd_cdc.o
                0x0000000008006cfc                USBD_CDC_SetTxBuffer
 .text.USBD_CDC_SetRxBuffer
                0x0000000008006d2e       0x26 ./Middlewares/ST/STM32_USB_Device_Library/Class/CDC/Src/usbd_cdc.o
                0x0000000008006d2e                USBD_CDC_SetRxBuffer
 .text.USBD_CDC_TransmitPacket
                0x0000000008006d54       0x5e ./Middlewares/ST/STM32_USB_Device_Library/Class/CDC/Src/usbd_cdc.o
                0x0000000008006d54                USBD_CDC_TransmitPacket
 .text.USBD_CDC_ReceivePacket
                0x0000000008006db2       0x54 ./Middlewares/ST/STM32_USB_Device_Library/Class/CDC/Src/usbd_cdc.o
                0x0000000008006db2                USBD_CDC_ReceivePacket
 .text.USBD_Init
                0x0000000008006e06       0x56 ./Middlewares/ST/STM32_USB_Device_Library/Core/Src/usbd_core.o
                0x0000000008006e06                USBD_Init
 .text.USBD_RegisterClass
                0x0000000008006e5c       0x32 ./Middlewares/ST/STM32_USB_Device_Library/Core/Src/usbd_core.o
                0x0000000008006e5c                USBD_RegisterClass
 .text.USBD_Start
                0x0000000008006e8e       0x18 ./Middlewares/ST/STM32_USB_Device_Library/Core/Src/usbd_core.o
                0x0000000008006e8e                USBD_Start
 .text.USBD_RunTestMode
                0x0000000008006ea6       0x14 ./Middlewares/ST/STM32_USB_Device_Library/Core/Src/usbd_core.o
                0x0000000008006ea6                USBD_RunTestMode
 .text.USBD_SetClassConfig
                0x0000000008006eba       0x3e ./Middlewares/ST/STM32_USB_Device_Library/Core/Src/usbd_core.o
                0x0000000008006eba                USBD_SetClassConfig
 .text.USBD_ClrClassConfig
                0x0000000008006ef8       0x26 ./Middlewares/ST/STM32_USB_Device_Library/Core/Src/usbd_core.o
                0x0000000008006ef8                USBD_ClrClassConfig
 .text.USBD_LL_SetupStage
                0x0000000008006f1e       0x9a ./Middlewares/ST/STM32_USB_Device_Library/Core/Src/usbd_core.o
                0x0000000008006f1e                USBD_LL_SetupStage
 .text.USBD_LL_DataOutStage
                0x0000000008006fb8       0xe2 ./Middlewares/ST/STM32_USB_Device_Library/Core/Src/usbd_core.o
                0x0000000008006fb8                USBD_LL_DataOutStage
 .text.USBD_LL_DataInStage
                0x000000000800709a      0x14a ./Middlewares/ST/STM32_USB_Device_Library/Core/Src/usbd_core.o
                0x000000000800709a                USBD_LL_DataInStage
 .text.USBD_LL_Reset
                0x00000000080071e4       0x82 ./Middlewares/ST/STM32_USB_Device_Library/Core/Src/usbd_core.o
                0x00000000080071e4                USBD_LL_Reset
 .text.USBD_LL_SetSpeed
                0x0000000008007266       0x1e ./Middlewares/ST/STM32_USB_Device_Library/Core/Src/usbd_core.o
                0x0000000008007266                USBD_LL_SetSpeed
 .text.USBD_LL_Suspend
                0x0000000008007284       0x28 ./Middlewares/ST/STM32_USB_Device_Library/Core/Src/usbd_core.o
                0x0000000008007284                USBD_LL_Suspend
 .text.USBD_LL_Resume
                0x00000000080072ac       0x2a ./Middlewares/ST/STM32_USB_Device_Library/Core/Src/usbd_core.o
                0x00000000080072ac                USBD_LL_Resume
 .text.USBD_LL_SOF
                0x00000000080072d6       0x34 ./Middlewares/ST/STM32_USB_Device_Library/Core/Src/usbd_core.o
                0x00000000080072d6                USBD_LL_SOF
 *fill*         0x000000000800730a        0x2 
 .text.USBD_StdDevReq
                0x000000000800730c       0xd4 ./Middlewares/ST/STM32_USB_Device_Library/Core/Src/usbd_ctlreq.o
                0x000000000800730c                USBD_StdDevReq
 .text.USBD_StdItfReq
                0x00000000080073e0       0x90 ./Middlewares/ST/STM32_USB_Device_Library/Core/Src/usbd_ctlreq.o
                0x00000000080073e0                USBD_StdItfReq
 .text.USBD_StdEPReq
                0x0000000008007470      0x2c6 ./Middlewares/ST/STM32_USB_Device_Library/Core/Src/usbd_ctlreq.o
                0x0000000008007470                USBD_StdEPReq
 *fill*         0x0000000008007736        0x2 
 .text.USBD_GetDescriptor
                0x0000000008007738      0x2d0 ./Middlewares/ST/STM32_USB_Device_Library/Core/Src/usbd_ctlreq.o
 .text.USBD_SetAddress
                0x0000000008007a08       0x86 ./Middlewares/ST/STM32_USB_Device_Library/Core/Src/usbd_ctlreq.o
 *fill*         0x0000000008007a8e        0x2 
 .text.USBD_SetConfig
                0x0000000008007a90      0x11c ./Middlewares/ST/STM32_USB_Device_Library/Core/Src/usbd_ctlreq.o
 .text.USBD_GetConfig
                0x0000000008007bac       0x6a ./Middlewares/ST/STM32_USB_Device_Library/Core/Src/usbd_ctlreq.o
 .text.USBD_GetStatus
                0x0000000008007c16       0x66 ./Middlewares/ST/STM32_USB_Device_Library/Core/Src/usbd_ctlreq.o
 .text.USBD_SetFeature
                0x0000000008007c7c       0x28 ./Middlewares/ST/STM32_USB_Device_Library/Core/Src/usbd_ctlreq.o
 .text.USBD_ClrFeature
                0x0000000008007ca4       0x42 ./Middlewares/ST/STM32_USB_Device_Library/Core/Src/usbd_ctlreq.o
 .text.USBD_ParseSetupRequest
                0x0000000008007ce6       0x78 ./Middlewares/ST/STM32_USB_Device_Library/Core/Src/usbd_ctlreq.o
                0x0000000008007ce6                USBD_ParseSetupRequest
 .text.USBD_CtlError
                0x0000000008007d5e       0x22 ./Middlewares/ST/STM32_USB_Device_Library/Core/Src/usbd_ctlreq.o
                0x0000000008007d5e                USBD_CtlError
 .text.USBD_GetString
                0x0000000008007d80       0x84 ./Middlewares/ST/STM32_USB_Device_Library/Core/Src/usbd_ctlreq.o
                0x0000000008007d80                USBD_GetString
 .text.USBD_GetLen
                0x0000000008007e04       0x2e ./Middlewares/ST/STM32_USB_Device_Library/Core/Src/usbd_ctlreq.o
 .text.USBD_CtlSendData
                0x0000000008007e32       0x38 ./Middlewares/ST/STM32_USB_Device_Library/Core/Src/usbd_ioreq.o
                0x0000000008007e32                USBD_CtlSendData
 .text.USBD_CtlContinueSendData
                0x0000000008007e6a       0x24 ./Middlewares/ST/STM32_USB_Device_Library/Core/Src/usbd_ioreq.o
                0x0000000008007e6a                USBD_CtlContinueSendData
 .text.USBD_CtlPrepareRx
                0x0000000008007e8e       0x3c ./Middlewares/ST/STM32_USB_Device_Library/Core/Src/usbd_ioreq.o
                0x0000000008007e8e                USBD_CtlPrepareRx
 .text.USBD_CtlContinueRx
                0x0000000008007eca       0x24 ./Middlewares/ST/STM32_USB_Device_Library/Core/Src/usbd_ioreq.o
                0x0000000008007eca                USBD_CtlContinueRx
 .text.USBD_CtlSendStatus
                0x0000000008007eee       0x26 ./Middlewares/ST/STM32_USB_Device_Library/Core/Src/usbd_ioreq.o
                0x0000000008007eee                USBD_CtlSendStatus
 .text.USBD_CtlReceiveStatus
                0x0000000008007f14       0x26 ./Middlewares/ST/STM32_USB_Device_Library/Core/Src/usbd_ioreq.o
                0x0000000008007f14                USBD_CtlReceiveStatus
 *fill*         0x0000000008007f3a        0x2 
 .text.MX_USB_DEVICE_Init
                0x0000000008007f3c       0x60 ./USB_DEVICE/App/usb_device.o
                0x0000000008007f3c                MX_USB_DEVICE_Init
 .text.CDC_Init_FS
                0x0000000008007f9c       0x28 ./USB_DEVICE/App/usbd_cdc_if.o
 .text.CDC_DeInit_FS
                0x0000000008007fc4        0xe ./USB_DEVICE/App/usbd_cdc_if.o
 *fill*         0x0000000008007fd2        0x2 
 .text.CDC_Control_FS
                0x0000000008007fd4       0xbc ./USB_DEVICE/App/usbd_cdc_if.o
 .text.CDC_Receive_FS
                0x0000000008008090       0x28 ./USB_DEVICE/App/usbd_cdc_if.o
 .text.CDC_Transmit_FS
                0x00000000080080b8       0x4c ./USB_DEVICE/App/usbd_cdc_if.o
                0x00000000080080b8                CDC_Transmit_FS
 .text.USBD_FS_DeviceDescriptor
                0x0000000008008104       0x24 ./USB_DEVICE/App/usbd_desc.o
                0x0000000008008104                USBD_FS_DeviceDescriptor
 .text.USBD_FS_LangIDStrDescriptor
                0x0000000008008128       0x24 ./USB_DEVICE/App/usbd_desc.o
                0x0000000008008128                USBD_FS_LangIDStrDescriptor
 .text.USBD_FS_ProductStrDescriptor
                0x000000000800814c       0x3c ./USB_DEVICE/App/usbd_desc.o
                0x000000000800814c                USBD_FS_ProductStrDescriptor
 .text.USBD_FS_ManufacturerStrDescriptor
                0x0000000008008188       0x28 ./USB_DEVICE/App/usbd_desc.o
                0x0000000008008188                USBD_FS_ManufacturerStrDescriptor
 .text.USBD_FS_SerialStrDescriptor
                0x00000000080081b0       0x24 ./USB_DEVICE/App/usbd_desc.o
                0x00000000080081b0                USBD_FS_SerialStrDescriptor
 .text.USBD_FS_ConfigStrDescriptor
                0x00000000080081d4       0x3c ./USB_DEVICE/App/usbd_desc.o
                0x00000000080081d4                USBD_FS_ConfigStrDescriptor
 .text.USBD_FS_InterfaceStrDescriptor
                0x0000000008008210       0x3c ./USB_DEVICE/App/usbd_desc.o
                0x0000000008008210                USBD_FS_InterfaceStrDescriptor
 .text.Get_SerialNum
                0x000000000800824c       0x58 ./USB_DEVICE/App/usbd_desc.o
 .text.IntToUnicode
                0x00000000080082a4       0x7c ./USB_DEVICE/App/usbd_desc.o
 .text.HAL_PCD_MspInit
                0x0000000008008320       0x4c ./USB_DEVICE/Target/usbd_conf.o
                0x0000000008008320                HAL_PCD_MspInit
 .text.HAL_PCD_SetupStageCallback
                0x000000000800836c       0x24 ./USB_DEVICE/Target/usbd_conf.o
                0x000000000800836c                HAL_PCD_SetupStageCallback
 .text.HAL_PCD_DataOutStageCallback
                0x0000000008008390       0x36 ./USB_DEVICE/Target/usbd_conf.o
                0x0000000008008390                HAL_PCD_DataOutStageCallback
 .text.HAL_PCD_DataInStageCallback
                0x00000000080083c6       0x34 ./USB_DEVICE/Target/usbd_conf.o
                0x00000000080083c6                HAL_PCD_DataInStageCallback
 .text.HAL_PCD_SOFCallback
                0x00000000080083fa       0x1c ./USB_DEVICE/Target/usbd_conf.o
                0x00000000080083fa                HAL_PCD_SOFCallback
 .text.HAL_PCD_ResetCallback
                0x0000000008008416       0x3c ./USB_DEVICE/Target/usbd_conf.o
                0x0000000008008416                HAL_PCD_ResetCallback
 *fill*         0x0000000008008452        0x2 
 .text.HAL_PCD_SuspendCallback
                0x0000000008008454       0x34 ./USB_DEVICE/Target/usbd_conf.o
                0x0000000008008454                HAL_PCD_SuspendCallback
 .text.HAL_PCD_ResumeCallback
                0x0000000008008488       0x1c ./USB_DEVICE/Target/usbd_conf.o
                0x0000000008008488                HAL_PCD_ResumeCallback
 .text.USBD_LL_Init
                0x00000000080084a4       0xb4 ./USB_DEVICE/Target/usbd_conf.o
                0x00000000080084a4                USBD_LL_Init
 .text.USBD_LL_Start
                0x0000000008008558       0x36 ./USB_DEVICE/Target/usbd_conf.o
                0x0000000008008558                USBD_LL_Start
 .text.USBD_LL_OpenEP
                0x000000000800858e       0x4c ./USB_DEVICE/Target/usbd_conf.o
                0x000000000800858e                USBD_LL_OpenEP
 .text.USBD_LL_CloseEP
                0x00000000080085da       0x3e ./USB_DEVICE/Target/usbd_conf.o
                0x00000000080085da                USBD_LL_CloseEP
 .text.USBD_LL_StallEP
                0x0000000008008618       0x3e ./USB_DEVICE/Target/usbd_conf.o
                0x0000000008008618                USBD_LL_StallEP
 .text.USBD_LL_ClearStallEP
                0x0000000008008656       0x3e ./USB_DEVICE/Target/usbd_conf.o
                0x0000000008008656                USBD_LL_ClearStallEP
 .text.USBD_LL_IsStallEP
                0x0000000008008694       0x58 ./USB_DEVICE/Target/usbd_conf.o
                0x0000000008008694                USBD_LL_IsStallEP
 .text.USBD_LL_SetUSBAddress
                0x00000000080086ec       0x3e ./USB_DEVICE/Target/usbd_conf.o
                0x00000000080086ec                USBD_LL_SetUSBAddress
 .text.USBD_LL_Transmit
                0x000000000800872a       0x46 ./USB_DEVICE/Target/usbd_conf.o
                0x000000000800872a                USBD_LL_Transmit
 .text.USBD_LL_PrepareReceive
                0x0000000008008770       0x46 ./USB_DEVICE/Target/usbd_conf.o
                0x0000000008008770                USBD_LL_PrepareReceive
 .text.USBD_LL_GetRxDataSize
                0x00000000080087b6       0x26 ./USB_DEVICE/Target/usbd_conf.o
                0x00000000080087b6                USBD_LL_GetRxDataSize
 .text.USBD_static_malloc
                0x00000000080087dc       0x18 ./USB_DEVICE/Target/usbd_conf.o
                0x00000000080087dc                USBD_static_malloc
 .text.USBD_static_free
                0x00000000080087f4       0x12 ./USB_DEVICE/Target/usbd_conf.o
                0x00000000080087f4                USBD_static_free
 .text.HAL_PCDEx_SetConnectionState
                0x0000000008008806       0x16 ./USB_DEVICE/Target/usbd_conf.o
                0x0000000008008806                HAL_PCDEx_SetConnectionState
 .text.USBD_Get_USB_Status
                0x000000000800881c       0x58 ./USB_DEVICE/Target/usbd_conf.o
 .text._ZdlPvj  0x0000000008008874        0x4 /Applications/STM32CubeIDE.app/Contents/Eclipse/plugins/com.st.stm32cube.ide.mcu.externaltools.gnu-tools-for-stm32.9-2020-q2-update.macos64_2.0.0.202105311346/tools/bin/../lib/gcc/arm-none-eabi/9.3.1/../../../../arm-none-eabi/lib/thumb/v7-m/nofp/libstdc++_nano.a(del_ops.o)
                0x0000000008008874                operator delete(void*, unsigned int)
 .text._ZNSaIcEC2Ev
                0x0000000008008878        0x2 /Applications/STM32CubeIDE.app/Contents/Eclipse/plugins/com.st.stm32cube.ide.mcu.externaltools.gnu-tools-for-stm32.9-2020-q2-update.macos64_2.0.0.202105311346/tools/bin/../lib/gcc/arm-none-eabi/9.3.1/../../../../arm-none-eabi/lib/thumb/v7-m/nofp/libstdc++_nano.a(allocator-inst.o)
                0x0000000008008878                std::allocator<char>::allocator()
                0x0000000008008878                std::allocator<char>::allocator()
 .text._ZNSaIcED2Ev
                0x000000000800887a        0x2 /Applications/STM32CubeIDE.app/Contents/Eclipse/plugins/com.st.stm32cube.ide.mcu.externaltools.gnu-tools-for-stm32.9-2020-q2-update.macos64_2.0.0.202105311346/tools/bin/../lib/gcc/arm-none-eabi/9.3.1/../../../../arm-none-eabi/lib/thumb/v7-m/nofp/libstdc++_nano.a(allocator-inst.o)
                0x000000000800887a                std::allocator<char>::~allocator()
                0x000000000800887a                std::allocator<char>::~allocator()
 .text.unlikely._ZSt17__throw_bad_allocv
                0x000000000800887c        0x6 /Applications/STM32CubeIDE.app/Contents/Eclipse/plugins/com.st.stm32cube.ide.mcu.externaltools.gnu-tools-for-stm32.9-2020-q2-update.macos64_2.0.0.202105311346/tools/bin/../lib/gcc/arm-none-eabi/9.3.1/../../../../arm-none-eabi/lib/thumb/v7-m/nofp/libstdc++_nano.a(functexcept.o)
                0x000000000800887c                std::__throw_bad_alloc()
 .text.unlikely._ZSt19__throw_logic_errorPKc
                0x0000000008008882        0x6 /Applications/STM32CubeIDE.app/Contents/Eclipse/plugins/com.st.stm32cube.ide.mcu.externaltools.gnu-tools-for-stm32.9-2020-q2-update.macos64_2.0.0.202105311346/tools/bin/../lib/gcc/arm-none-eabi/9.3.1/../../../../arm-none-eabi/lib/thumb/v7-m/nofp/libstdc++_nano.a(functexcept.o)
                0x0000000008008882                std::__throw_logic_error(char const*)
 .text.unlikely._ZSt20__throw_length_errorPKc
                0x0000000008008888        0x6 /Applications/STM32CubeIDE.app/Contents/Eclipse/plugins/com.st.stm32cube.ide.mcu.externaltools.gnu-tools-for-stm32.9-2020-q2-update.macos64_2.0.0.202105311346/tools/bin/../lib/gcc/arm-none-eabi/9.3.1/../../../../arm-none-eabi/lib/thumb/v7-m/nofp/libstdc++_nano.a(functexcept.o)
                0x0000000008008888                std::__throw_length_error(char const*)
 .text._ZSt24__throw_out_of_range_fmtPKcz
                0x000000000800888e       0x36 /Applications/STM32CubeIDE.app/Contents/Eclipse/plugins/com.st.stm32cube.ide.mcu.externaltools.gnu-tools-for-stm32.9-2020-q2-update.macos64_2.0.0.202105311346/tools/bin/../lib/gcc/arm-none-eabi/9.3.1/../../../../arm-none-eabi/lib/thumb/v7-m/nofp/libstdc++_nano.a(functexcept.o)
                0x000000000800888e                std::__throw_out_of_range_fmt(char const*, ...)
 .text._ZN9__gnu_cxx26__throw_insufficient_spaceEPKcS1_
                0x00000000080088c4       0x4c /Applications/STM32CubeIDE.app/Contents/Eclipse/plugins/com.st.stm32cube.ide.mcu.externaltools.gnu-tools-for-stm32.9-2020-q2-update.macos64_2.0.0.202105311346/tools/bin/../lib/gcc/arm-none-eabi/9.3.1/../../../../arm-none-eabi/lib/thumb/v7-m/nofp/libstdc++_nano.a(snprintf_lite.o)
                0x00000000080088c4                __gnu_cxx::__throw_insufficient_space(char const*, char const*)
 .text._ZN9__gnu_cxx15__concat_size_tEPcjj
                0x0000000008008910       0x58 /Applications/STM32CubeIDE.app/Contents/Eclipse/plugins/com.st.stm32cube.ide.mcu.externaltools.gnu-tools-for-stm32.9-2020-q2-update.macos64_2.0.0.202105311346/tools/bin/../lib/gcc/arm-none-eabi/9.3.1/../../../../arm-none-eabi/lib/thumb/v7-m/nofp/libstdc++_nano.a(snprintf_lite.o)
                0x0000000008008910                __gnu_cxx::__concat_size_t(char*, unsigned int, unsigned int)
 .text._ZN9__gnu_cxx15__snprintf_liteEPcjPKcSt9__va_list
                0x0000000008008968       0x82 /Applications/STM32CubeIDE.app/Contents/Eclipse/plugins/com.st.stm32cube.ide.mcu.externaltools.gnu-tools-for-stm32.9-2020-q2-update.macos64_2.0.0.202105311346/tools/bin/../lib/gcc/arm-none-eabi/9.3.1/../../../../arm-none-eabi/lib/thumb/v7-m/nofp/libstdc++_nano.a(snprintf_lite.o)
                0x0000000008008968                __gnu_cxx::__snprintf_lite(char*, unsigned int, char const*, std::__va_list)
 .text._ZNSt11char_traitsIcE4copyEPcPKcj
                0x00000000080089ea        0x8 /Applications/STM32CubeIDE.app/Contents/Eclipse/plugins/com.st.stm32cube.ide.mcu.externaltools.gnu-tools-for-stm32.9-2020-q2-update.macos64_2.0.0.202105311346/tools/bin/../lib/gcc/arm-none-eabi/9.3.1/../../../../arm-none-eabi/lib/thumb/v7-m/nofp/libstdc++_nano.a(string-inst.o)
                0x00000000080089ea                std::char_traits<char>::copy(char*, char const*, unsigned int)
 .text._ZNSt7__cxx1112basic_stringIcSt11char_traitsIcESaIcEE7_M_dataEPc
                0x00000000080089f2        0x4 /Applications/STM32CubeIDE.app/Contents/Eclipse/plugins/com.st.stm32cube.ide.mcu.externaltools.gnu-tools-for-stm32.9-2020-q2-update.macos64_2.0.0.202105311346/tools/bin/../lib/gcc/arm-none-eabi/9.3.1/../../../../arm-none-eabi/lib/thumb/v7-m/nofp/libstdc++_nano.a(string-inst.o)
                0x00000000080089f2                std::__cxx11::basic_string<char, std::char_traits<char>, std::allocator<char> >::_M_data(char*)
 .text._ZNKSt7__cxx1112basic_stringIcSt11char_traitsIcESaIcEE7_M_dataEv
                0x00000000080089f6        0x4 /Applications/STM32CubeIDE.app/Contents/Eclipse/plugins/com.st.stm32cube.ide.mcu.externaltools.gnu-tools-for-stm32.9-2020-q2-update.macos64_2.0.0.202105311346/tools/bin/../lib/gcc/arm-none-eabi/9.3.1/../../../../arm-none-eabi/lib/thumb/v7-m/nofp/libstdc++_nano.a(string-inst.o)
                0x00000000080089f6                std::__cxx11::basic_string<char, std::char_traits<char>, std::allocator<char> >::_M_data() const
 .text._ZNSt7__cxx1112basic_stringIcSt11char_traitsIcESaIcEE13_M_local_dataEv
                0x00000000080089fa        0x4 /Applications/STM32CubeIDE.app/Contents/Eclipse/plugins/com.st.stm32cube.ide.mcu.externaltools.gnu-tools-for-stm32.9-2020-q2-update.macos64_2.0.0.202105311346/tools/bin/../lib/gcc/arm-none-eabi/9.3.1/../../../../arm-none-eabi/lib/thumb/v7-m/nofp/libstdc++_nano.a(string-inst.o)
                0x00000000080089fa                std::__cxx11::basic_string<char, std::char_traits<char>, std::allocator<char> >::_M_local_data()
 .text._ZNSt7__cxx1112basic_stringIcSt11char_traitsIcESaIcEE11_M_capacityEj
                0x00000000080089fe        0x4 /Applications/STM32CubeIDE.app/Contents/Eclipse/plugins/com.st.stm32cube.ide.mcu.externaltools.gnu-tools-for-stm32.9-2020-q2-update.macos64_2.0.0.202105311346/tools/bin/../lib/gcc/arm-none-eabi/9.3.1/../../../../arm-none-eabi/lib/thumb/v7-m/nofp/libstdc++_nano.a(string-inst.o)
                0x00000000080089fe                std::__cxx11::basic_string<char, std::char_traits<char>, std::allocator<char> >::_M_capacity(unsigned int)
 .text._ZNSt7__cxx1112basic_stringIcSt11char_traitsIcESaIcEE13_M_set_lengthEj
                0x0000000008008a02        0xa /Applications/STM32CubeIDE.app/Contents/Eclipse/plugins/com.st.stm32cube.ide.mcu.externaltools.gnu-tools-for-stm32.9-2020-q2-update.macos64_2.0.0.202105311346/tools/bin/../lib/gcc/arm-none-eabi/9.3.1/../../../../arm-none-eabi/lib/thumb/v7-m/nofp/libstdc++_nano.a(string-inst.o)
                0x0000000008008a02                std::__cxx11::basic_string<char, std::char_traits<char>, std::allocator<char> >::_M_set_length(unsigned int)
 .text._ZNSt7__cxx1112basic_stringIcSt11char_traitsIcESaIcEE9_M_createERjj
                0x0000000008008a0c       0x44 /Applications/STM32CubeIDE.app/Contents/Eclipse/plugins/com.st.stm32cube.ide.mcu.externaltools.gnu-tools-for-stm32.9-2020-q2-update.macos64_2.0.0.202105311346/tools/bin/../lib/gcc/arm-none-eabi/9.3.1/../../../../arm-none-eabi/lib/thumb/v7-m/nofp/libstdc++_nano.a(string-inst.o)
                0x0000000008008a0c                std::__cxx11::basic_string<char, std::char_traits<char>, std::allocator<char> >::_M_create(unsigned int&, unsigned int)
 .text._ZNSt7__cxx1112basic_stringIcSt11char_traitsIcESaIcEE10_M_disposeEv
                0x0000000008008a50       0x10 /Applications/STM32CubeIDE.app/Contents/Eclipse/plugins/com.st.stm32cube.ide.mcu.externaltools.gnu-tools-for-stm32.9-2020-q2-update.macos64_2.0.0.202105311346/tools/bin/../lib/gcc/arm-none-eabi/9.3.1/../../../../arm-none-eabi/lib/thumb/v7-m/nofp/libstdc++_nano.a(string-inst.o)
                0x0000000008008a50                std::__cxx11::basic_string<char, std::char_traits<char>, std::allocator<char> >::_M_dispose()
 .text._ZNKSt7__cxx1112basic_stringIcSt11char_traitsIcESaIcEE8_M_checkEjPKc
                0x0000000008008a60       0x1c /Applications/STM32CubeIDE.app/Contents/Eclipse/plugins/com.st.stm32cube.ide.mcu.externaltools.gnu-tools-for-stm32.9-2020-q2-update.macos64_2.0.0.202105311346/tools/bin/../lib/gcc/arm-none-eabi/9.3.1/../../../../arm-none-eabi/lib/thumb/v7-m/nofp/libstdc++_nano.a(string-inst.o)
                0x0000000008008a60                std::__cxx11::basic_string<char, std::char_traits<char>, std::allocator<char> >::_M_check(unsigned int, char const*) const
 .text._ZNKSt7__cxx1112basic_stringIcSt11char_traitsIcESaIcEE15_M_check_lengthEjjPKc
                0x0000000008008a7c       0x18 /Applications/STM32CubeIDE.app/Contents/Eclipse/plugins/com.st.stm32cube.ide.mcu.externaltools.gnu-tools-for-stm32.9-2020-q2-update.macos64_2.0.0.202105311346/tools/bin/../lib/gcc/arm-none-eabi/9.3.1/../../../../arm-none-eabi/lib/thumb/v7-m/nofp/libstdc++_nano.a(string-inst.o)
                0x0000000008008a7c                std::__cxx11::basic_string<char, std::char_traits<char>, std::allocator<char> >::_M_check_length(unsigned int, unsigned int, char const*) const
 .text._ZNKSt7__cxx1112basic_stringIcSt11char_traitsIcESaIcEE11_M_disjunctEPKc
                0x0000000008008a94       0x18 /Applications/STM32CubeIDE.app/Contents/Eclipse/plugins/com.st.stm32cube.ide.mcu.externaltools.gnu-tools-for-stm32.9-2020-q2-update.macos64_2.0.0.202105311346/tools/bin/../lib/gcc/arm-none-eabi/9.3.1/../../../../arm-none-eabi/lib/thumb/v7-m/nofp/libstdc++_nano.a(string-inst.o)
                0x0000000008008a94                std::__cxx11::basic_string<char, std::char_traits<char>, std::allocator<char> >::_M_disjunct(char const*) const
 .text._ZNSt7__cxx1112basic_stringIcSt11char_traitsIcESaIcEE7_S_copyEPcPKcj
                0x0000000008008aac       0x12 /Applications/STM32CubeIDE.app/Contents/Eclipse/plugins/com.st.stm32cube.ide.mcu.externaltools.gnu-tools-for-stm32.9-2020-q2-update.macos64_2.0.0.202105311346/tools/bin/../lib/gcc/arm-none-eabi/9.3.1/../../../../arm-none-eabi/lib/thumb/v7-m/nofp/libstdc++_nano.a(string-inst.o)
                0x0000000008008aac                std::__cxx11::basic_string<char, std::char_traits<char>, std::allocator<char> >::_S_copy(char*, char const*, unsigned int)
 .text._ZNSt7__cxx1112basic_stringIcSt11char_traitsIcESaIcEE7_S_moveEPcPKcj
                0x0000000008008abe       0x18 /Applications/STM32CubeIDE.app/Contents/Eclipse/plugins/com.st.stm32cube.ide.mcu.externaltools.gnu-tools-for-stm32.9-2020-q2-update.macos64_2.0.0.202105311346/tools/bin/../lib/gcc/arm-none-eabi/9.3.1/../../../../arm-none-eabi/lib/thumb/v7-m/nofp/libstdc++_nano.a(string-inst.o)
                0x0000000008008abe                std::__cxx11::basic_string<char, std::char_traits<char>, std::allocator<char> >::_S_move(char*, char const*, unsigned int)
 .text._ZNSt7__cxx1112basic_stringIcSt11char_traitsIcESaIcEE13_S_copy_charsEPcS5_S5_
                0x0000000008008ad6        0xa /Applications/STM32CubeIDE.app/Contents/Eclipse/plugins/com.st.stm32cube.ide.mcu.externaltools.gnu-tools-for-stm32.9-2020-q2-update.macos64_2.0.0.202105311346/tools/bin/../lib/gcc/arm-none-eabi/9.3.1/../../../../arm-none-eabi/lib/thumb/v7-m/nofp/libstdc++_nano.a(string-inst.o)
                0x0000000008008ad6                std::__cxx11::basic_string<char, std::char_traits<char>, std::allocator<char> >::_S_copy_chars(char*, char*, char*)
 .text._ZNSt7__cxx1112basic_stringIcSt11char_traitsIcESaIcEE9_M_mutateEjjPKcj
                0x0000000008008ae0       0x76 /Applications/STM32CubeIDE.app/Contents/Eclipse/plugins/com.st.stm32cube.ide.mcu.externaltools.gnu-tools-for-stm32.9-2020-q2-update.macos64_2.0.0.202105311346/tools/bin/../lib/gcc/arm-none-eabi/9.3.1/../../../../arm-none-eabi/lib/thumb/v7-m/nofp/libstdc++_nano.a(string-inst.o)
                0x0000000008008ae0                std::__cxx11::basic_string<char, std::char_traits<char>, std::allocator<char> >::_M_mutate(unsigned int, unsigned int, char const*, unsigned int)
 .text._ZNSt7__cxx1112basic_stringIcSt11char_traitsIcESaIcEEC2EOS4_
                0x0000000008008b56       0x34 /Applications/STM32CubeIDE.app/Contents/Eclipse/plugins/com.st.stm32cube.ide.mcu.externaltools.gnu-tools-for-stm32.9-2020-q2-update.macos64_2.0.0.202105311346/tools/bin/../lib/gcc/arm-none-eabi/9.3.1/../../../../arm-none-eabi/lib/thumb/v7-m/nofp/libstdc++_nano.a(string-inst.o)
                0x0000000008008b56                std::__cxx11::basic_string<char, std::char_traits<char>, std::allocator<char> >::basic_string(std::__cxx11::basic_string<char, std::char_traits<char>, std::allocator<char> >&&)
                0x0000000008008b56                std::__cxx11::basic_string<char, std::char_traits<char>, std::allocator<char> >::basic_string(std::__cxx11::basic_string<char, std::char_traits<char>, std::allocator<char> >&&)
 .text._ZNSt7__cxx1112basic_stringIcSt11char_traitsIcESaIcEED2Ev
                0x0000000008008b8a        0xc /Applications/STM32CubeIDE.app/Contents/Eclipse/plugins/com.st.stm32cube.ide.mcu.externaltools.gnu-tools-for-stm32.9-2020-q2-update.macos64_2.0.0.202105311346/tools/bin/../lib/gcc/arm-none-eabi/9.3.1/../../../../arm-none-eabi/lib/thumb/v7-m/nofp/libstdc++_nano.a(string-inst.o)
                0x0000000008008b8a                std::__cxx11::basic_string<char, std::char_traits<char>, std::allocator<char> >::~basic_string()
                0x0000000008008b8a                std::__cxx11::basic_string<char, std::char_traits<char>, std::allocator<char> >::~basic_string()
 .text._ZNKSt7__cxx1112basic_stringIcSt11char_traitsIcESaIcEE4sizeEv
                0x0000000008008b96        0x4 /Applications/STM32CubeIDE.app/Contents/Eclipse/plugins/com.st.stm32cube.ide.mcu.externaltools.gnu-tools-for-stm32.9-2020-q2-update.macos64_2.0.0.202105311346/tools/bin/../lib/gcc/arm-none-eabi/9.3.1/../../../../arm-none-eabi/lib/thumb/v7-m/nofp/libstdc++_nano.a(string-inst.o)
                0x0000000008008b96                std::__cxx11::basic_string<char, std::char_traits<char>, std::allocator<char> >::size() const
 .text._ZNKSt7__cxx1112basic_stringIcSt11char_traitsIcESaIcEE8capacityEv
                0x0000000008008b9a       0x10 /Applications/STM32CubeIDE.app/Contents/Eclipse/plugins/com.st.stm32cube.ide.mcu.externaltools.gnu-tools-for-stm32.9-2020-q2-update.macos64_2.0.0.202105311346/tools/bin/../lib/gcc/arm-none-eabi/9.3.1/../../../../arm-none-eabi/lib/thumb/v7-m/nofp/libstdc++_nano.a(string-inst.o)
                0x0000000008008b9a                std::__cxx11::basic_string<char, std::char_traits<char>, std::allocator<char> >::capacity() const
 *fill*         0x0000000008008baa        0x2 
 .text._ZNSt7__cxx1112basic_stringIcSt11char_traitsIcESaIcEE10_M_replaceEjjPKcj
                0x0000000008008bac       0xf8 /Applications/STM32CubeIDE.app/Contents/Eclipse/plugins/com.st.stm32cube.ide.mcu.externaltools.gnu-tools-for-stm32.9-2020-q2-update.macos64_2.0.0.202105311346/tools/bin/../lib/gcc/arm-none-eabi/9.3.1/../../../../arm-none-eabi/lib/thumb/v7-m/nofp/libstdc++_nano.a(string-inst.o)
                0x0000000008008bac                std::__cxx11::basic_string<char, std::char_traits<char>, std::allocator<char> >::_M_replace(unsigned int, unsigned int, char const*, unsigned int)
 .text._ZNSt7__cxx1112basic_stringIcSt11char_traitsIcESaIcEE7replaceEjjPKcj
                0x0000000008008ca4       0x30 /Applications/STM32CubeIDE.app/Contents/Eclipse/plugins/com.st.stm32cube.ide.mcu.externaltools.gnu-tools-for-stm32.9-2020-q2-update.macos64_2.0.0.202105311346/tools/bin/../lib/gcc/arm-none-eabi/9.3.1/../../../../arm-none-eabi/lib/thumb/v7-m/nofp/libstdc++_nano.a(string-inst.o)
                0x0000000008008ca4                std::__cxx11::basic_string<char, std::char_traits<char>, std::allocator<char> >::replace(unsigned int, unsigned int, char const*, unsigned int)
 .text._ZNSt7__cxx1112basic_stringIcSt11char_traitsIcESaIcEE6insertEjRKS4_
                0x0000000008008cd4       0x14 /Applications/STM32CubeIDE.app/Contents/Eclipse/plugins/com.st.stm32cube.ide.mcu.externaltools.gnu-tools-for-stm32.9-2020-q2-update.macos64_2.0.0.202105311346/tools/bin/../lib/gcc/arm-none-eabi/9.3.1/../../../../arm-none-eabi/lib/thumb/v7-m/nofp/libstdc++_nano.a(string-inst.o)
                0x0000000008008cd4                std::__cxx11::basic_string<char, std::char_traits<char>, std::allocator<char> >::insert(unsigned int, std::__cxx11::basic_string<char, std::char_traits<char>, std::allocator<char> > const&)
 .text._ZNSt7__cxx1112basic_stringIcSt11char_traitsIcESaIcEE6insertEjPKc
                0x0000000008008ce8       0x20 /Applications/STM32CubeIDE.app/Contents/Eclipse/plugins/com.st.stm32cube.ide.mcu.externaltools.gnu-tools-for-stm32.9-2020-q2-update.macos64_2.0.0.202105311346/tools/bin/../lib/gcc/arm-none-eabi/9.3.1/../../../../arm-none-eabi/lib/thumb/v7-m/nofp/libstdc++_nano.a(string-inst.o)
                0x0000000008008ce8                std::__cxx11::basic_string<char, std::char_traits<char>, std::allocator<char> >::insert(unsigned int, char const*)
 .text._ZNSt7__cxx1112basic_stringIcSt11char_traitsIcESaIcEE9_M_appendEPKcj
                0x0000000008008d08       0x40 /Applications/STM32CubeIDE.app/Contents/Eclipse/plugins/com.st.stm32cube.ide.mcu.externaltools.gnu-tools-for-stm32.9-2020-q2-update.macos64_2.0.0.202105311346/tools/bin/../lib/gcc/arm-none-eabi/9.3.1/../../../../arm-none-eabi/lib/thumb/v7-m/nofp/libstdc++_nano.a(string-inst.o)
                0x0000000008008d08                std::__cxx11::basic_string<char, std::char_traits<char>, std::allocator<char> >::_M_append(char const*, unsigned int)
 .text._ZNSt7__cxx1112basic_stringIcSt11char_traitsIcESaIcEE6appendERKS4_
                0x0000000008008d48        0xc /Applications/STM32CubeIDE.app/Contents/Eclipse/plugins/com.st.stm32cube.ide.mcu.externaltools.gnu-tools-for-stm32.9-2020-q2-update.macos64_2.0.0.202105311346/tools/bin/../lib/gcc/arm-none-eabi/9.3.1/../../../../arm-none-eabi/lib/thumb/v7-m/nofp/libstdc++_nano.a(string-inst.o)
                0x0000000008008d48                std::__cxx11::basic_string<char, std::char_traits<char>, std::allocator<char> >::append(std::__cxx11::basic_string<char, std::char_traits<char>, std::allocator<char> > const&)
 .text._ZNSt7__cxx1112basic_stringIcSt11char_traitsIcESaIcEE6appendEPKc
                0x0000000008008d54       0x2c /Applications/STM32CubeIDE.app/Contents/Eclipse/plugins/com.st.stm32cube.ide.mcu.externaltools.gnu-tools-for-stm32.9-2020-q2-update.macos64_2.0.0.202105311346/tools/bin/../lib/gcc/arm-none-eabi/9.3.1/../../../../arm-none-eabi/lib/thumb/v7-m/nofp/libstdc++_nano.a(string-inst.o)
                0x0000000008008d54                std::__cxx11::basic_string<char, std::char_traits<char>, std::allocator<char> >::append(char const*)
 .text._ZNKSt7__cxx1112basic_stringIcSt11char_traitsIcESaIcEE5c_strEv
                0x0000000008008d80        0x4 /Applications/STM32CubeIDE.app/Contents/Eclipse/plugins/com.st.stm32cube.ide.mcu.externaltools.gnu-tools-for-stm32.9-2020-q2-update.macos64_2.0.0.202105311346/tools/bin/../lib/gcc/arm-none-eabi/9.3.1/../../../../arm-none-eabi/lib/thumb/v7-m/nofp/libstdc++_nano.a(string-inst.o)
                0x0000000008008d80                std::__cxx11::basic_string<char, std::char_traits<char>, std::allocator<char> >::c_str() const
 .text._ZNSt7__cxx1112basic_stringIcSt11char_traitsIcESaIcEE12_Alloc_hiderC2EPcRKS3_
                0x0000000008008d84        0x4 /Applications/STM32CubeIDE.app/Contents/Eclipse/plugins/com.st.stm32cube.ide.mcu.externaltools.gnu-tools-for-stm32.9-2020-q2-update.macos64_2.0.0.202105311346/tools/bin/../lib/gcc/arm-none-eabi/9.3.1/../../../../arm-none-eabi/lib/thumb/v7-m/nofp/libstdc++_nano.a(string-inst.o)
                0x0000000008008d84                std::__cxx11::basic_string<char, std::char_traits<char>, std::allocator<char> >::_Alloc_hider::_Alloc_hider(char*, std::allocator<char> const&)
                0x0000000008008d84                std::__cxx11::basic_string<char, std::char_traits<char>, std::allocator<char> >::_Alloc_hider::_Alloc_hider(char*, std::allocator<char> const&)
 .text._ZdlPv   0x0000000008008d88        0x4 /Applications/STM32CubeIDE.app/Contents/Eclipse/plugins/com.st.stm32cube.ide.mcu.externaltools.gnu-tools-for-stm32.9-2020-q2-update.macos64_2.0.0.202105311346/tools/bin/../lib/gcc/arm-none-eabi/9.3.1/../../../../arm-none-eabi/lib/thumb/v7-m/nofp/libstdc++_nano.a(del_op.o)
                0x0000000008008d88                operator delete(void*)
 .text._Znwj    0x0000000008008d8c       0x22 /Applications/STM32CubeIDE.app/Contents/Eclipse/plugins/com.st.stm32cube.ide.mcu.externaltools.gnu-tools-for-stm32.9-2020-q2-update.macos64_2.0.0.202105311346/tools/bin/../lib/gcc/arm-none-eabi/9.3.1/../../../../arm-none-eabi/lib/thumb/v7-m/nofp/libstdc++_nano.a(new_op.o)
                0x0000000008008d8c                operator new(unsigned int)
 *fill*         0x0000000008008dae        0x2 
 .text._ZSt15get_new_handlerv
                0x0000000008008db0       0x10 /Applications/STM32CubeIDE.app/Contents/Eclipse/plugins/com.st.stm32cube.ide.mcu.externaltools.gnu-tools-for-stm32.9-2020-q2-update.macos64_2.0.0.202105311346/tools/bin/../lib/gcc/arm-none-eabi/9.3.1/../../../../arm-none-eabi/lib/thumb/v7-m/nofp/libstdc++_nano.a(new_handler.o)
                0x0000000008008db0                std::get_new_handler()
 .text.abort    0x0000000008008dc0        0xe /Applications/STM32CubeIDE.app/Contents/Eclipse/plugins/com.st.stm32cube.ide.mcu.externaltools.gnu-tools-for-stm32.9-2020-q2-update.macos64_2.0.0.202105311346/tools/bin/../lib/gcc/arm-none-eabi/9.3.1/../../../../arm-none-eabi/lib/thumb/v7-m/nofp/libc_nano.a(lib_a-abort.o)
                0x0000000008008dc0                abort
 *fill*         0x0000000008008dce        0x2 
 .text.__errno  0x0000000008008dd0        0xc /Applications/STM32CubeIDE.app/Contents/Eclipse/plugins/com.st.stm32cube.ide.mcu.externaltools.gnu-tools-for-stm32.9-2020-q2-update.macos64_2.0.0.202105311346/tools/bin/../lib/gcc/arm-none-eabi/9.3.1/../../../../arm-none-eabi/lib/thumb/v7-m/nofp/libc_nano.a(lib_a-errno.o)
                0x0000000008008dd0                __errno
 .text.__libc_init_array
                0x0000000008008ddc       0x48 /Applications/STM32CubeIDE.app/Contents/Eclipse/plugins/com.st.stm32cube.ide.mcu.externaltools.gnu-tools-for-stm32.9-2020-q2-update.macos64_2.0.0.202105311346/tools/bin/../lib/gcc/arm-none-eabi/9.3.1/../../../../arm-none-eabi/lib/thumb/v7-m/nofp/libc_nano.a(lib_a-init.o)
                0x0000000008008ddc                __libc_init_array
 .text.malloc   0x0000000008008e24       0x10 /Applications/STM32CubeIDE.app/Contents/Eclipse/plugins/com.st.stm32cube.ide.mcu.externaltools.gnu-tools-for-stm32.9-2020-q2-update.macos64_2.0.0.202105311346/tools/bin/../lib/gcc/arm-none-eabi/9.3.1/../../../../arm-none-eabi/lib/thumb/v7-m/nofp/libc_nano.a(lib_a-malloc.o)
                0x0000000008008e24                malloc
 .text.free     0x0000000008008e34       0x10 /Applications/STM32CubeIDE.app/Contents/Eclipse/plugins/com.st.stm32cube.ide.mcu.externaltools.gnu-tools-for-stm32.9-2020-q2-update.macos64_2.0.0.202105311346/tools/bin/../lib/gcc/arm-none-eabi/9.3.1/../../../../arm-none-eabi/lib/thumb/v7-m/nofp/libc_nano.a(lib_a-malloc.o)
                0x0000000008008e34                free
 .text.memchr   0x0000000008008e44       0x1c /Applications/STM32CubeIDE.app/Contents/Eclipse/plugins/com.st.stm32cube.ide.mcu.externaltools.gnu-tools-for-stm32.9-2020-q2-update.macos64_2.0.0.202105311346/tools/bin/../lib/gcc/arm-none-eabi/9.3.1/../../../../arm-none-eabi/lib/thumb/v7-m/nofp/libc_nano.a(lib_a-memchr-stub.o)
                0x0000000008008e44                memchr
 .text.memcpy   0x0000000008008e60       0x1c /Applications/STM32CubeIDE.app/Contents/Eclipse/plugins/com.st.stm32cube.ide.mcu.externaltools.gnu-tools-for-stm32.9-2020-q2-update.macos64_2.0.0.202105311346/tools/bin/../lib/gcc/arm-none-eabi/9.3.1/../../../../arm-none-eabi/lib/thumb/v7-m/nofp/libc_nano.a(lib_a-memcpy-stub.o)
                0x0000000008008e60                memcpy
 .text.memmove  0x0000000008008e7c       0x34 /Applications/STM32CubeIDE.app/Contents/Eclipse/plugins/com.st.stm32cube.ide.mcu.externaltools.gnu-tools-for-stm32.9-2020-q2-update.macos64_2.0.0.202105311346/tools/bin/../lib/gcc/arm-none-eabi/9.3.1/../../../../arm-none-eabi/lib/thumb/v7-m/nofp/libc_nano.a(lib_a-memmove.o)
                0x0000000008008e7c                memmove
 .text.memset   0x0000000008008eb0       0x10 /Applications/STM32CubeIDE.app/Contents/Eclipse/plugins/com.st.stm32cube.ide.mcu.externaltools.gnu-tools-for-stm32.9-2020-q2-update.macos64_2.0.0.202105311346/tools/bin/../lib/gcc/arm-none-eabi/9.3.1/../../../../arm-none-eabi/lib/thumb/v7-m/nofp/libc_nano.a(lib_a-memset.o)
                0x0000000008008eb0                memset
 .text._free_r  0x0000000008008ec0       0x98 /Applications/STM32CubeIDE.app/Contents/Eclipse/plugins/com.st.stm32cube.ide.mcu.externaltools.gnu-tools-for-stm32.9-2020-q2-update.macos64_2.0.0.202105311346/tools/bin/../lib/gcc/arm-none-eabi/9.3.1/../../../../arm-none-eabi/lib/thumb/v7-m/nofp/libc_nano.a(lib_a-nano-freer.o)
                0x0000000008008ec0                _free_r
 .text._malloc_r
                0x0000000008008f58       0xb4 /Applications/STM32CubeIDE.app/Contents/Eclipse/plugins/com.st.stm32cube.ide.mcu.externaltools.gnu-tools-for-stm32.9-2020-q2-update.macos64_2.0.0.202105311346/tools/bin/../lib/gcc/arm-none-eabi/9.3.1/../../../../arm-none-eabi/lib/thumb/v7-m/nofp/libc_nano.a(lib_a-nano-mallocr.o)
                0x0000000008008f58                _malloc_r
 .text._sbrk_r  0x000000000800900c       0x20 /Applications/STM32CubeIDE.app/Contents/Eclipse/plugins/com.st.stm32cube.ide.mcu.externaltools.gnu-tools-for-stm32.9-2020-q2-update.macos64_2.0.0.202105311346/tools/bin/../lib/gcc/arm-none-eabi/9.3.1/../../../../arm-none-eabi/lib/thumb/v7-m/nofp/libc_nano.a(lib_a-sbrkr.o)
                0x000000000800900c                _sbrk_r
 .text._raise_r
                0x000000000800902c       0x50 /Applications/STM32CubeIDE.app/Contents/Eclipse/plugins/com.st.stm32cube.ide.mcu.externaltools.gnu-tools-for-stm32.9-2020-q2-update.macos64_2.0.0.202105311346/tools/bin/../lib/gcc/arm-none-eabi/9.3.1/../../../../arm-none-eabi/lib/thumb/v7-m/nofp/libc_nano.a(lib_a-signal.o)
                0x000000000800902c                _raise_r
 .text.raise    0x000000000800907c       0x10 /Applications/STM32CubeIDE.app/Contents/Eclipse/plugins/com.st.stm32cube.ide.mcu.externaltools.gnu-tools-for-stm32.9-2020-q2-update.macos64_2.0.0.202105311346/tools/bin/../lib/gcc/arm-none-eabi/9.3.1/../../../../arm-none-eabi/lib/thumb/v7-m/nofp/libc_nano.a(lib_a-signal.o)
                0x000000000800907c                raise
 .text._kill_r  0x000000000800908c       0x24 /Applications/STM32CubeIDE.app/Contents/Eclipse/plugins/com.st.stm32cube.ide.mcu.externaltools.gnu-tools-for-stm32.9-2020-q2-update.macos64_2.0.0.202105311346/tools/bin/../lib/gcc/arm-none-eabi/9.3.1/../../../../arm-none-eabi/lib/thumb/v7-m/nofp/libc_nano.a(lib_a-signalr.o)
                0x000000000800908c                _kill_r
 .text._getpid_r
                0x00000000080090b0        0x4 /Applications/STM32CubeIDE.app/Contents/Eclipse/plugins/com.st.stm32cube.ide.mcu.externaltools.gnu-tools-for-stm32.9-2020-q2-update.macos64_2.0.0.202105311346/tools/bin/../lib/gcc/arm-none-eabi/9.3.1/../../../../arm-none-eabi/lib/thumb/v7-m/nofp/libc_nano.a(lib_a-signalr.o)
                0x00000000080090b0                _getpid_r
 .text._vsnprintf_r
                0x00000000080090b4       0x58 /Applications/STM32CubeIDE.app/Contents/Eclipse/plugins/com.st.stm32cube.ide.mcu.externaltools.gnu-tools-for-stm32.9-2020-q2-update.macos64_2.0.0.202105311346/tools/bin/../lib/gcc/arm-none-eabi/9.3.1/../../../../arm-none-eabi/lib/thumb/v7-m/nofp/libc_nano.a(lib_a-vsnprintf.o)
                0x00000000080090b4                _vsnprintf_r
                0x00000000080090b4                _vsniprintf_r
 .text.vsnprintf
                0x000000000800910c       0x1c /Applications/STM32CubeIDE.app/Contents/Eclipse/plugins/com.st.stm32cube.ide.mcu.externaltools.gnu-tools-for-stm32.9-2020-q2-update.macos64_2.0.0.202105311346/tools/bin/../lib/gcc/arm-none-eabi/9.3.1/../../../../arm-none-eabi/lib/thumb/v7-m/nofp/libc_nano.a(lib_a-vsnprintf.o)
                0x000000000800910c                vsnprintf
                0x000000000800910c                vsniprintf
 .text.__malloc_lock
                0x0000000008009128        0xc /Applications/STM32CubeIDE.app/Contents/Eclipse/plugins/com.st.stm32cube.ide.mcu.externaltools.gnu-tools-for-stm32.9-2020-q2-update.macos64_2.0.0.202105311346/tools/bin/../lib/gcc/arm-none-eabi/9.3.1/../../../../arm-none-eabi/lib/thumb/v7-m/nofp/libc_nano.a(lib_a-mlock.o)
                0x0000000008009128                __malloc_lock
 .text.__malloc_unlock
                0x0000000008009134        0xc /Applications/STM32CubeIDE.app/Contents/Eclipse/plugins/com.st.stm32cube.ide.mcu.externaltools.gnu-tools-for-stm32.9-2020-q2-update.macos64_2.0.0.202105311346/tools/bin/../lib/gcc/arm-none-eabi/9.3.1/../../../../arm-none-eabi/lib/thumb/v7-m/nofp/libc_nano.a(lib_a-mlock.o)
                0x0000000008009134                __malloc_unlock
 .text.__ssputs_r
                0x0000000008009140       0xb6 /Applications/STM32CubeIDE.app/Contents/Eclipse/plugins/com.st.stm32cube.ide.mcu.externaltools.gnu-tools-for-stm32.9-2020-q2-update.macos64_2.0.0.202105311346/tools/bin/../lib/gcc/arm-none-eabi/9.3.1/../../../../arm-none-eabi/lib/thumb/v7-m/nofp/libc_nano.a(lib_a-nano-svfprintf.o)
                0x0000000008009140                __ssputs_r
 *fill*         0x00000000080091f6        0x2 
 .text._svfprintf_r
                0x00000000080091f8      0x200 /Applications/STM32CubeIDE.app/Contents/Eclipse/plugins/com.st.stm32cube.ide.mcu.externaltools.gnu-tools-for-stm32.9-2020-q2-update.macos64_2.0.0.202105311346/tools/bin/../lib/gcc/arm-none-eabi/9.3.1/../../../../arm-none-eabi/lib/thumb/v7-m/nofp/libc_nano.a(lib_a-nano-svfprintf.o)
                0x00000000080091f8                _svfprintf_r
                0x00000000080091f8                _svfiprintf_r
 .text._printf_common
                0x00000000080093f8       0xde /Applications/STM32CubeIDE.app/Contents/Eclipse/plugins/com.st.stm32cube.ide.mcu.externaltools.gnu-tools-for-stm32.9-2020-q2-update.macos64_2.0.0.202105311346/tools/bin/../lib/gcc/arm-none-eabi/9.3.1/../../../../arm-none-eabi/lib/thumb/v7-m/nofp/libc_nano.a(lib_a-nano-vfprintf_i.o)
                0x00000000080093f8                _printf_common
 *fill*         0x00000000080094d6        0x2 
 .text._printf_i
                0x00000000080094d8      0x24c /Applications/STM32CubeIDE.app/Contents/Eclipse/plugins/com.st.stm32cube.ide.mcu.externaltools.gnu-tools-for-stm32.9-2020-q2-update.macos64_2.0.0.202105311346/tools/bin/../lib/gcc/arm-none-eabi/9.3.1/../../../../arm-none-eabi/lib/thumb/v7-m/nofp/libc_nano.a(lib_a-nano-vfprintf_i.o)
                0x00000000080094d8                _printf_i
 .text.__retarget_lock_acquire_recursive
                0x0000000008009724        0x2 /Applications/STM32CubeIDE.app/Contents/Eclipse/plugins/com.st.stm32cube.ide.mcu.externaltools.gnu-tools-for-stm32.9-2020-q2-update.macos64_2.0.0.202105311346/tools/bin/../lib/gcc/arm-none-eabi/9.3.1/../../../../arm-none-eabi/lib/thumb/v7-m/nofp/libc_nano.a(lib_a-lock.o)
                0x0000000008009724                __retarget_lock_acquire_recursive
 .text.__retarget_lock_release_recursive
                0x0000000008009726        0x2 /Applications/STM32CubeIDE.app/Contents/Eclipse/plugins/com.st.stm32cube.ide.mcu.externaltools.gnu-tools-for-stm32.9-2020-q2-update.macos64_2.0.0.202105311346/tools/bin/../lib/gcc/arm-none-eabi/9.3.1/../../../../arm-none-eabi/lib/thumb/v7-m/nofp/libc_nano.a(lib_a-lock.o)
                0x0000000008009726                __retarget_lock_release_recursive
 .text._realloc_r
                0x0000000008009728       0x4c /Applications/STM32CubeIDE.app/Contents/Eclipse/plugins/com.st.stm32cube.ide.mcu.externaltools.gnu-tools-for-stm32.9-2020-q2-update.macos64_2.0.0.202105311346/tools/bin/../lib/gcc/arm-none-eabi/9.3.1/../../../../arm-none-eabi/lib/thumb/v7-m/nofp/libc_nano.a(lib_a-nano-reallocr.o)
                0x0000000008009728                _realloc_r
 .text._malloc_usable_size_r
                0x0000000008009774       0x10 /Applications/STM32CubeIDE.app/Contents/Eclipse/plugins/com.st.stm32cube.ide.mcu.externaltools.gnu-tools-for-stm32.9-2020-q2-update.macos64_2.0.0.202105311346/tools/bin/../lib/gcc/arm-none-eabi/9.3.1/../../../../arm-none-eabi/lib/thumb/v7-m/nofp/libc_nano.a(lib_a-nano-msizer.o)
                0x0000000008009774                _malloc_usable_size_r
 *(.glue_7)
 .glue_7        0x0000000008009784        0x0 linker stubs
 *(.glue_7t)
 .glue_7t       0x0000000008009784        0x0 linker stubs
 *(.eh_frame)
 .eh_frame      0x0000000008009784        0x0 /Applications/STM32CubeIDE.app/Contents/Eclipse/plugins/com.st.stm32cube.ide.mcu.externaltools.gnu-tools-for-stm32.9-2020-q2-update.macos64_2.0.0.202105311346/tools/bin/../lib/gcc/arm-none-eabi/9.3.1/thumb/v7-m/nofp/crtbegin.o
 *(.init)
 .init          0x0000000008009784        0x4 /Applications/STM32CubeIDE.app/Contents/Eclipse/plugins/com.st.stm32cube.ide.mcu.externaltools.gnu-tools-for-stm32.9-2020-q2-update.macos64_2.0.0.202105311346/tools/bin/../lib/gcc/arm-none-eabi/9.3.1/thumb/v7-m/nofp/crti.o
                0x0000000008009784                _init
 .init          0x0000000008009788        0x8 /Applications/STM32CubeIDE.app/Contents/Eclipse/plugins/com.st.stm32cube.ide.mcu.externaltools.gnu-tools-for-stm32.9-2020-q2-update.macos64_2.0.0.202105311346/tools/bin/../lib/gcc/arm-none-eabi/9.3.1/thumb/v7-m/nofp/crtn.o
 *(.fini)
 .fini          0x0000000008009790        0x4 /Applications/STM32CubeIDE.app/Contents/Eclipse/plugins/com.st.stm32cube.ide.mcu.externaltools.gnu-tools-for-stm32.9-2020-q2-update.macos64_2.0.0.202105311346/tools/bin/../lib/gcc/arm-none-eabi/9.3.1/thumb/v7-m/nofp/crti.o
                0x0000000008009790                _fini
 .fini          0x0000000008009794        0x8 /Applications/STM32CubeIDE.app/Contents/Eclipse/plugins/com.st.stm32cube.ide.mcu.externaltools.gnu-tools-for-stm32.9-2020-q2-update.macos64_2.0.0.202105311346/tools/bin/../lib/gcc/arm-none-eabi/9.3.1/thumb/v7-m/nofp/crtn.o
                0x000000000800979c                . = ALIGN (0x4)
                0x000000000800979c                _etext = .

.vfp11_veneer   0x000000000800979c        0x0
 .vfp11_veneer  0x000000000800979c        0x0 linker stubs

.v4_bx          0x000000000800979c        0x0
 .v4_bx         0x000000000800979c        0x0 linker stubs

.iplt           0x000000000800979c        0x0
 .iplt          0x000000000800979c        0x0 /Applications/STM32CubeIDE.app/Contents/Eclipse/plugins/com.st.stm32cube.ide.mcu.externaltools.gnu-tools-for-stm32.9-2020-q2-update.macos64_2.0.0.202105311346/tools/bin/../lib/gcc/arm-none-eabi/9.3.1/thumb/v7-m/nofp/crtbegin.o

.rodata         0x000000000800979c      0x210
                0x000000000800979c                . = ALIGN (0x4)
 *(.rodata)
 .rodata        0x000000000800979c       0x4a ./Core/Src/main.o
 *fill*         0x00000000080097e6        0x2 
 .rodata        0x00000000080097e8       0x10 ./Drivers/STM32F1xx_HAL_Driver/Src/stm32f1xx_hal_rcc.o
 .rodata        0x00000000080097f8       0x46 ./USB_DEVICE/App/usbd_desc.o
 *(.rodata*)
 *fill*         0x000000000800983e        0x2 
 .rodata._ZTV7ADS1298
                0x0000000008009840       0x10 ./Core/Src/ADS1298.o
                0x0000000008009840                vtable for ADS1298
 .rodata._ZTV9PinOutput
                0x0000000008009850       0x10 ./Core/Src/PinOutput.o
                0x0000000008009850                vtable for PinOutput
 .rodata.AHBPrescTable
                0x0000000008009860       0x10 ./Core/Src/system_stm32f1xx.o
                0x0000000008009860                AHBPrescTable
 .rodata._ZN9__gnu_cxx26__throw_insufficient_spaceEPKcS1_.str1.1
                0x0000000008009870       0x69 /Applications/STM32CubeIDE.app/Contents/Eclipse/plugins/com.st.stm32cube.ide.mcu.externaltools.gnu-tools-for-stm32.9-2020-q2-update.macos64_2.0.0.202105311346/tools/bin/../lib/gcc/arm-none-eabi/9.3.1/../../../../arm-none-eabi/lib/thumb/v7-m/nofp/libstdc++_nano.a(snprintf_lite.o)
 .rodata._ZN9__gnu_cxx15__concat_size_tEPcjj.str1.1
                0x00000000080098d9        0xb /Applications/STM32CubeIDE.app/Contents/Eclipse/plugins/com.st.stm32cube.ide.mcu.externaltools.gnu-tools-for-stm32.9-2020-q2-update.macos64_2.0.0.202105311346/tools/bin/../lib/gcc/arm-none-eabi/9.3.1/../../../../arm-none-eabi/lib/thumb/v7-m/nofp/libstdc++_nano.a(snprintf_lite.o)
 .rodata._ZNSt7__cxx1112basic_stringIcSt11char_traitsIcESaIcEE9_M_createERjj.str1.1
                0x00000000080098e4       0x18 /Applications/STM32CubeIDE.app/Contents/Eclipse/plugins/com.st.stm32cube.ide.mcu.externaltools.gnu-tools-for-stm32.9-2020-q2-update.macos64_2.0.0.202105311346/tools/bin/../lib/gcc/arm-none-eabi/9.3.1/../../../../arm-none-eabi/lib/thumb/v7-m/nofp/libstdc++_nano.a(string-inst.o)
 .rodata._ZNKSt7__cxx1112basic_stringIcSt11char_traitsIcESaIcEE8_M_checkEjPKc.str1.1
                0x00000000080098fc       0x37 /Applications/STM32CubeIDE.app/Contents/Eclipse/plugins/com.st.stm32cube.ide.mcu.externaltools.gnu-tools-for-stm32.9-2020-q2-update.macos64_2.0.0.202105311346/tools/bin/../lib/gcc/arm-none-eabi/9.3.1/../../../../arm-none-eabi/lib/thumb/v7-m/nofp/libstdc++_nano.a(string-inst.o)
 .rodata._ZNSt7__cxx1112basic_stringIcSt11char_traitsIcESaIcEE7replaceEjjjc.str1.1
                0x0000000008009933       0x16 /Applications/STM32CubeIDE.app/Contents/Eclipse/plugins/com.st.stm32cube.ide.mcu.externaltools.gnu-tools-for-stm32.9-2020-q2-update.macos64_2.0.0.202105311346/tools/bin/../lib/gcc/arm-none-eabi/9.3.1/../../../../arm-none-eabi/lib/thumb/v7-m/nofp/libstdc++_nano.a(string-inst.o)
 .rodata._ZNSt7__cxx1112basic_stringIcSt11char_traitsIcESaIcEE10_M_replaceEjjPKcj.str1.1
                0x0000000008009949       0x19 /Applications/STM32CubeIDE.app/Contents/Eclipse/plugins/com.st.stm32cube.ide.mcu.externaltools.gnu-tools-for-stm32.9-2020-q2-update.macos64_2.0.0.202105311346/tools/bin/../lib/gcc/arm-none-eabi/9.3.1/../../../../arm-none-eabi/lib/thumb/v7-m/nofp/libstdc++_nano.a(string-inst.o)
 .rodata._ZNSt7__cxx1112basic_stringIcSt11char_traitsIcESaIcEE6appendERKS4_jj.str1.1
                0x0000000008009962       0x15 /Applications/STM32CubeIDE.app/Contents/Eclipse/plugins/com.st.stm32cube.ide.mcu.externaltools.gnu-tools-for-stm32.9-2020-q2-update.macos64_2.0.0.202105311346/tools/bin/../lib/gcc/arm-none-eabi/9.3.1/../../../../arm-none-eabi/lib/thumb/v7-m/nofp/libstdc++_nano.a(string-inst.o)
 .rodata._svfprintf_r.str1.1
                0x0000000008009977       0x11 /Applications/STM32CubeIDE.app/Contents/Eclipse/plugins/com.st.stm32cube.ide.mcu.externaltools.gnu-tools-for-stm32.9-2020-q2-update.macos64_2.0.0.202105311346/tools/bin/../lib/gcc/arm-none-eabi/9.3.1/../../../../arm-none-eabi/lib/thumb/v7-m/nofp/libc_nano.a(lib_a-nano-svfprintf.o)
 .rodata._printf_i.str1.1
                0x0000000008009988       0x22 /Applications/STM32CubeIDE.app/Contents/Eclipse/plugins/com.st.stm32cube.ide.mcu.externaltools.gnu-tools-for-stm32.9-2020-q2-update.macos64_2.0.0.202105311346/tools/bin/../lib/gcc/arm-none-eabi/9.3.1/../../../../arm-none-eabi/lib/thumb/v7-m/nofp/libc_nano.a(lib_a-nano-vfprintf_i.o)
                0x00000000080099ac                . = ALIGN (0x4)
 *fill*         0x00000000080099aa        0x2 

.rel.dyn        0x00000000080099ac        0x0
 .rel.iplt      0x00000000080099ac        0x0 /Applications/STM32CubeIDE.app/Contents/Eclipse/plugins/com.st.stm32cube.ide.mcu.externaltools.gnu-tools-for-stm32.9-2020-q2-update.macos64_2.0.0.202105311346/tools/bin/../lib/gcc/arm-none-eabi/9.3.1/thumb/v7-m/nofp/crtbegin.o

.ARM.extab      0x00000000080099ac        0x0
                0x00000000080099ac                . = ALIGN (0x4)
 *(.ARM.extab* .gnu.linkonce.armextab.*)
                0x00000000080099ac                . = ALIGN (0x4)

.ARM            0x00000000080099ac        0x0
                0x00000000080099ac                . = ALIGN (0x4)
                0x00000000080099ac                __exidx_start = .
 *(.ARM.exidx*)
                0x00000000080099ac                __exidx_end = .
                0x00000000080099ac                . = ALIGN (0x4)

.preinit_array  0x00000000080099ac        0x0
                0x00000000080099ac                . = ALIGN (0x4)
                0x00000000080099ac                PROVIDE (__preinit_array_start = .)
 *(.preinit_array*)
                0x00000000080099ac                PROVIDE (__preinit_array_end = .)
                0x00000000080099ac                . = ALIGN (0x4)

.init_array     0x00000000080099ac        0xc
                0x00000000080099ac                . = ALIGN (0x4)
                0x00000000080099ac                PROVIDE (__init_array_start = .)
 *(SORT_BY_NAME(.init_array.*))
 *(.init_array*)
 .init_array    0x00000000080099ac        0x4 /Applications/STM32CubeIDE.app/Contents/Eclipse/plugins/com.st.stm32cube.ide.mcu.externaltools.gnu-tools-for-stm32.9-2020-q2-update.macos64_2.0.0.202105311346/tools/bin/../lib/gcc/arm-none-eabi/9.3.1/thumb/v7-m/nofp/crtbegin.o
 .init_array    0x00000000080099b0        0x4 ./Core/Src/ADS1298.o
 .init_array    0x00000000080099b4        0x4 ./Core/Src/main.o
                0x00000000080099b8                PROVIDE (__init_array_end = .)
                0x00000000080099b8                . = ALIGN (0x4)

.fini_array     0x00000000080099b8        0xc
                0x00000000080099b8                . = ALIGN (0x4)
                [!provide]                        PROVIDE (__fini_array_start = .)
 *(SORT_BY_NAME(.fini_array.*))
 *(.fini_array*)
 .fini_array    0x00000000080099b8        0x4 /Applications/STM32CubeIDE.app/Contents/Eclipse/plugins/com.st.stm32cube.ide.mcu.externaltools.gnu-tools-for-stm32.9-2020-q2-update.macos64_2.0.0.202105311346/tools/bin/../lib/gcc/arm-none-eabi/9.3.1/thumb/v7-m/nofp/crtbegin.o
 .fini_array    0x00000000080099bc        0x4 ./Core/Src/ADS1298.o
 .fini_array    0x00000000080099c0        0x4 ./Core/Src/main.o
                [!provide]                        PROVIDE (__fini_array_end = .)
                0x00000000080099c4                . = ALIGN (0x4)
                0x00000000080099c4                _sidata = LOADADDR (.data)

.data           0x0000000020000000      0x1e0 load address 0x00000000080099c4
                0x0000000020000000                . = ALIGN (0x4)
                0x0000000020000000                _sdata = .
 *(.data)
 *(.data*)